Component: ARM Compiler 6.16 Tool: armlink [5dfeaa00]

==============================================================================

Section Cross References

    main.o(.text) refers (Special) to _printf_d.o(.ARM.Collect$$_printf_percent$$00000009) for _printf_d
    main.o(.text) refers (Special) to _printf_dec.o(.text) for _printf_int_dec
    main.o(.text) refers (Special) to _printf_percent.o(.ARM.Collect$$_printf_percent$$00000000) for _printf_percent
    main.o(.text.main) refers (Special) to _printf_d.o(.ARM.Collect$$_printf_percent$$00000009) for _printf_d
    main.o(.text.main) refers (Special) to _printf_dec.o(.text) for _printf_int_dec
    main.o(.text.main) refers (Special) to _printf_percent.o(.ARM.Collect$$_printf_percent$$00000000) for _printf_percent
    main.o(.text.main) refers to stm32f4xx_hal.o(.text.HAL_Init) for HAL_Init
    main.o(.text.main) refers to main.o(.text.SystemClock_Config) for SystemClock_Config
    main.o(.text.main) refers to main.o(.text.MX_GPIO_Init) for MX_GPIO_Init
    main.o(.text.main) refers to main.o(.text.MX_DMA_Init) for MX_DMA_Init
    main.o(.text.main) refers to main.o(.text.MX_ADC1_Init) for MX_ADC1_Init
    main.o(.text.main) refers to main.o(.text.MX_I2C1_Init) for MX_I2C1_Init
    main.o(.text.main) refers to main.o(.text.MX_TIM3_Init) for MX_TIM3_Init
    main.o(.text.main) refers to main.o(.text.MX_TIM4_Init) for MX_TIM4_Init
    main.o(.text.main) refers to main.o(.bss.htim4) for htim4
    main.o(.text.main) refers to stm32f4xx_hal_tim.o(.text.HAL_TIM_Base_Start_IT) for HAL_TIM_Base_Start_IT
    main.o(.text.main) refers to main.o(.bss.htim3) for htim3
    main.o(.text.main) refers to stm32f4xx_hal_tim.o(.text.HAL_TIM_Base_Start) for HAL_TIM_Base_Start
    main.o(.text.main) refers to main.o(.bss.hadc1) for hadc1
    main.o(.text.main) refers to stm32f4xx_hal_adc.o(.text.HAL_ADC_Start_IT) for HAL_ADC_Start_IT
    main.o(.text.main) refers to main.o(.bss.adc_value) for adc_value
    main.o(.text.main) refers to stm32f4xx_hal_adc.o(.text.HAL_ADC_Start_DMA) for HAL_ADC_Start_DMA
    main.o(.text.main) refers to oled_ssd1306.o(.text.ssd1306_Init) for ssd1306_Init
    main.o(.text.main) refers to stm32f4xx_hal.o(.text.HAL_Delay) for HAL_Delay
    main.o(.ARM.exidx.text.main) refers (Special) to _printf_d.o(.ARM.Collect$$_printf_percent$$00000009) for _printf_d
    main.o(.ARM.exidx.text.main) refers (Special) to _printf_dec.o(.text) for _printf_int_dec
    main.o(.ARM.exidx.text.main) refers (Special) to _printf_percent.o(.ARM.Collect$$_printf_percent$$00000000) for _printf_percent
    main.o(.ARM.exidx.text.main) refers to main.o(.text.main) for [Anonymous Symbol]
    main.o(.text.SystemClock_Config) refers (Special) to _printf_d.o(.ARM.Collect$$_printf_percent$$00000009) for _printf_d
    main.o(.text.SystemClock_Config) refers (Special) to _printf_dec.o(.text) for _printf_int_dec
    main.o(.text.SystemClock_Config) refers (Special) to _printf_percent.o(.ARM.Collect$$_printf_percent$$00000000) for _printf_percent
    main.o(.text.SystemClock_Config) refers to rt_memclr_w.o(.text) for __aeabi_memclr4
    main.o(.text.SystemClock_Config) refers to stm32f4xx_hal_rcc.o(.text.HAL_RCC_OscConfig) for HAL_RCC_OscConfig
    main.o(.text.SystemClock_Config) refers to stm32f4xx_hal_rcc.o(.text.HAL_RCC_ClockConfig) for HAL_RCC_ClockConfig
    main.o(.text.SystemClock_Config) refers to main.o(.text.Error_Handler) for Error_Handler
    main.o(.ARM.exidx.text.SystemClock_Config) refers (Special) to _printf_d.o(.ARM.Collect$$_printf_percent$$00000009) for _printf_d
    main.o(.ARM.exidx.text.SystemClock_Config) refers (Special) to _printf_dec.o(.text) for _printf_int_dec
    main.o(.ARM.exidx.text.SystemClock_Config) refers (Special) to _printf_percent.o(.ARM.Collect$$_printf_percent$$00000000) for _printf_percent
    main.o(.ARM.exidx.text.SystemClock_Config) refers to main.o(.text.SystemClock_Config) for [Anonymous Symbol]
    main.o(.text.MX_GPIO_Init) refers (Special) to _printf_d.o(.ARM.Collect$$_printf_percent$$00000009) for _printf_d
    main.o(.text.MX_GPIO_Init) refers (Special) to _printf_dec.o(.text) for _printf_int_dec
    main.o(.text.MX_GPIO_Init) refers (Special) to _printf_percent.o(.ARM.Collect$$_printf_percent$$00000000) for _printf_percent
    main.o(.text.MX_GPIO_Init) refers to stm32f4xx_hal_gpio.o(.text.HAL_GPIO_WritePin) for HAL_GPIO_WritePin
    main.o(.text.MX_GPIO_Init) refers to stm32f4xx_hal_gpio.o(.text.HAL_GPIO_Init) for HAL_GPIO_Init
    main.o(.text.MX_GPIO_Init) refers to stm32f4xx_hal_cortex.o(.text.HAL_NVIC_SetPriority) for HAL_NVIC_SetPriority
    main.o(.text.MX_GPIO_Init) refers to stm32f4xx_hal_cortex.o(.text.HAL_NVIC_EnableIRQ) for HAL_NVIC_EnableIRQ
    main.o(.ARM.exidx.text.MX_GPIO_Init) refers (Special) to _printf_d.o(.ARM.Collect$$_printf_percent$$00000009) for _printf_d
    main.o(.ARM.exidx.text.MX_GPIO_Init) refers (Special) to _printf_dec.o(.text) for _printf_int_dec
[...]
    [Anonymous Symbol]                       0x08002544   Section        0  stm32f4xx_hal_tim.o(.text.HAL_TIM_PWM_PulseFinishedCallback)
    [Anonymous Symbol]                       0x08002548   Section        0  main.o(.text.HAL_TIM_PeriodElapsedCallback)
    [Anonymous Symbol]                       0x08002558   Section        0  stm32f4xx_hal_tim.o(.text.HAL_TIM_TriggerCallback)
    [Anonymous Symbol]                       0x0800255c   Section        0  stm32f4xx_it.o(.text.HardFault_Handler)
    [Anonymous Symbol]                       0x08002560   Section        0  stm32f4xx_it.o(.text.I2C1_EV_IRQHandler)
    I2C_ConvertOtherXferOptions              0x08002571   Thumb Code    30  stm32f4xx_hal_i2c.o(.text.I2C_ConvertOtherXferOptions)
    [Anonymous Symbol]                       0x08002570   Section        0  stm32f4xx_hal_i2c.o(.text.I2C_ConvertOtherXferOptions)
    I2C_DMAAbort                             0x08002591   Thumb Code   224  stm32f4xx_hal_i2c.o(.text.I2C_DMAAbort)
    [Anonymous Symbol]                       0x08002590   Section        0  stm32f4xx_hal_i2c.o(.text.I2C_DMAAbort)
    I2C_ITError                              0x08002671   Thumb Code   336  stm32f4xx_hal_i2c.o(.text.I2C_ITError)
    [Anonymous Symbol]                       0x08002670   Section        0  stm32f4xx_hal_i2c.o(.text.I2C_ITError)
    I2C_IsAcknowledgeFailed                  0x080027c1   Thumb Code    48  stm32f4xx_hal_i2c.o(.text.I2C_IsAcknowledgeFailed)
    [Anonymous Symbol]                       0x080027c0   Section        0  stm32f4xx_hal_i2c.o(.text.I2C_IsAcknowledgeFailed)
    I2C_MasterReceive_BTF                    0x080027f1   Thumb Code   232  stm32f4xx_hal_i2c.o(.text.I2C_MasterReceive_BTF)
    [Anonymous Symbol]                       0x080027f0   Section        0  stm32f4xx_hal_i2c.o(.text.I2C_MasterReceive_BTF)
    I2C_MasterReceive_RXNE                   0x080028d9   Thumb Code   200  stm32f4xx_hal_i2c.o(.text.I2C_MasterReceive_RXNE)
    [Anonymous Symbol]                       0x080028d8   Section        0  stm32f4xx_hal_i2c.o(.text.I2C_MasterReceive_RXNE)
    I2C_MasterTransmit_BTF                   0x080029a1   Thumb Code   122  stm32f4xx_hal_i2c.o(.text.I2C_MasterTransmit_BTF)
    [Anonymous Symbol]                       0x080029a0   Section        0  stm32f4xx_hal_i2c.o(.text.I2C_MasterTransmit_BTF)
    I2C_MasterTransmit_TXE                   0x08002a1d   Thumb Code   184  stm32f4xx_hal_i2c.o(.text.I2C_MasterTransmit_TXE)
    [Anonymous Symbol]                       0x08002a1c   Section        0  stm32f4xx_hal_i2c.o(.text.I2C_MasterTransmit_TXE)
    I2C_Master_ADD10                         0x08002ad5   Thumb Code    40  stm32f4xx_hal_i2c.o(.text.I2C_Master_ADD10)
    [Anonymous Symbol]                       0x08002ad4   Section        0  stm32f4xx_hal_i2c.o(.text.I2C_Master_ADD10)
    I2C_Master_ADDR                          0x08002afd   Thumb Code   394  stm32f4xx_hal_i2c.o(.text.I2C_Master_ADDR)
    [Anonymous Symbol]                       0x08002afc   Section        0  stm32f4xx_hal_i2c.o(.text.I2C_Master_ADDR)
    I2C_Master_SB                            0x08002c89   Thumb Code   136  stm32f4xx_hal_i2c.o(.text.I2C_Master_SB)
    [Anonymous Symbol]                       0x08002c88   Section        0  stm32f4xx_hal_i2c.o(.text.I2C_Master_SB)
    I2C_MemoryTransmit_TXE_BTF               0x08002d11   Thumb Code   166  stm32f4xx_hal_i2c.o(.text.I2C_MemoryTransmit_TXE_BTF)
    [Anonymous Symbol]                       0x08002d10   Section        0  stm32f4xx_hal_i2c.o(.text.I2C_MemoryTransmit_TXE_BTF)
    I2C_RequestMemoryWrite                   0x08002db9   Thumb Code   192  stm32f4xx_hal_i2c.o(.text.I2C_RequestMemoryWrite)
    [Anonymous Symbol]                       0x08002db8   Section        0  stm32f4xx_hal_i2c.o(.text.I2C_RequestMemoryWrite)
    I2C_SlaveReceive_BTF                     0x08002e79   Thumb Code    30  stm32f4xx_hal_i2c.o(.text.I2C_SlaveReceive_BTF)
    [Anonymous Symbol]                       0x08002e78   Section        0  stm32f4xx_hal_i2c.o(.text.I2C_SlaveReceive_BTF)
    I2C_SlaveReceive_RXNE                    0x08002e99   Thumb Code    76  stm32f4xx_hal_i2c.o(.text.I2C_SlaveReceive_RXNE)
    [Anonymous Symbol]                       0x08002e98   Section        0  stm32f4xx_hal_i2c.o(.text.I2C_SlaveReceive_RXNE)
    I2C_SlaveTransmit_BTF                    0x08002ee5   Thumb Code    28  stm32f4xx_hal_i2c.o(.text.I2C_SlaveTransmit_BTF)
    [Anonymous Symbol]                       0x08002ee4   Section        0  stm32f4xx_hal_i2c.o(.text.I2C_SlaveTransmit_BTF)
    I2C_SlaveTransmit_TXE                    0x08002f01   Thumb Code    72  stm32f4xx_hal_i2c.o(.text.I2C_SlaveTransmit_TXE)
    [Anonymous Symbol]                       0x08002f00   Section        0  stm32f4xx_hal_i2c.o(.text.I2C_SlaveTransmit_TXE)
    I2C_Slave_ADDR                           0x08002f49   Thumb Code    70  stm32f4xx_hal_i2c.o(.text.I2C_Slave_ADDR)
    [Anonymous Symbol]                       0x08002f48   Section        0  stm32f4xx_hal_i2c.o(.text.I2C_Slave_ADDR)
    I2C_Slave_STOPF                          0x08002f91   Thumb Code   354  stm32f4xx_hal_i2c.o(.text.I2C_Slave_STOPF)
    [Anonymous Symbol]                       0x08002f90   Section        0  stm32f4xx_hal_i2c.o(.text.I2C_Slave_STOPF)
    I2C_WaitOnBTFFlagUntilTimeout            0x080030f5   Thumb Code    94  stm32f4xx_hal_i2c.o(.text.I2C_WaitOnBTFFlagUntilTimeout)
    [Anonymous Symbol]                       0x080030f4   Section        0  stm32f4xx_hal_i2c.o(.text.I2C_WaitOnBTFFlagUntilTimeout)
    I2C_WaitOnFlagUntilTimeout               0x08003155   Thumb Code   116  stm32f4xx_hal_i2c.o(.text.I2C_WaitOnFlagUntilTimeout)
    [Anonymous Symbol]                       0x08003154   Section        0  stm32f4xx_hal_i2c.o(.text.I2C_WaitOnFlagUntilTimeout)
    I2C_WaitOnMasterAddressFlagUntilTimeout  0x080031c9   Thumb Code   140  stm32f4xx_hal_i2c.o(.text.I2C_WaitOnMasterAddressFlagUntilTimeout)
    [Anonymous Symbol]                       0x080031c8   Section        0  stm32f4xx_hal_i2c.o(.text.I2C_WaitOnMasterAddressFlagUntilTimeout)
    I2C_WaitOnSTOPRequestThroughIT           0x08003255   Thumb Code    78  stm32f4xx_hal_i2c.o(.text.I2C_WaitOnSTOPRequestThroughIT)
    [Anonymous Symbol]                       0x08003254   Section        0  stm32f4xx_hal_i2c.o(.text.I2C_WaitOnSTOPRequestThroughIT)
    I2C_WaitOnTXEFlagUntilTimeout            0x080032a5   Thumb Code    94  stm32f4xx_hal_i2c.o(.text.I2C_WaitOnTXEFlagUntilTimeout)
    [Anonymous Symbol]                       0x080032a4   Section        0  stm32f4xx_hal_i2c.o(.text.I2C_WaitOnTXEFlagUntilTimeout)
    MX_ADC1_Init                             0x08003305   Thumb Code   116  main.o(.text.MX_ADC1_Init)
    [Anonymous Symbol]                       0x08003304   Section        0  main.o(.text.MX_ADC1_Init)
    MX_DMA_Init                              0x08003379   Thumb Code    54  main.o(.text.MX_DMA_Init)
    [Anonymous Symbol]                       0x08003378   Section        0  main.o(.text.MX_DMA_Init)
    MX_GPIO_Init                             0x080033b1   Thumb Code   148  main.o(.text.MX_GPIO_Init)
    [Anonymous Symbol]                       0x080033b0   Section        0  main.o(.text.MX_GPIO_Init)
    MX_I2C1_Init                             0x08003445   Thumb Code    62  main.o(.text.MX_I2C1_Init)
    [Anonymous Symbol]                       0x08003444   Section        0  main.o(.text.MX_I2C1_Init)
    MX_TIM3_Init                             0x08003485   Thumb Code   116  main.o(.text.MX_TIM3_Init)
    [Anonymous Symbol]                       0x08003484   Section        0  main.o(.text.MX_TIM3_Init)
    MX_TIM4_Init                             0x080034f9   Thumb Code   112  main.o(.text.MX_TIM4_Init)
    [Anonymous Symbol]                       0x080034f8   Section        0  main.o(.text.MX_TIM4_Init)
    [Anonymous Symbol]                       0x08003568   Section        0  stm32f4xx_it.o(.text.MemManage_Handler)
    [Anonymous Symbol]                       0x0800356c   Section        0  stm32f4xx_it.o(.text.NMI_Handler)
    NVIC_EncodePriority                      0x08003571   Thumb Code    44  stm32f4xx_hal_cortex.o(.text.NVIC_EncodePriority)
    [Anonymous Symbol]                       0x08003570   Section        0  stm32f4xx_hal_cortex.o(.text.NVIC_EncodePriority)
    [Anonymous Symbol]                       0x0800359c   Section        0  stm32f4xx_it.o(.text.PendSV_Handler)
    [Anonymous Symbol]                       0x080035a0   Section        0  stm32f4xx_it.o(.text.SVC_Handler)
    SysTick_Config                           0x080035a5   Thumb Code    46  stm32f4xx_hal_cortex.o(.text.SysTick_Config)
    [Anonymous Symbol]                       0x080035a4   Section        0  stm32f4xx_hal_cortex.o(.text.SysTick_Config)
    [Anonymous Symbol]                       0x080035d4   Section        0  stm32f4xx_it.o(.text.SysTick_Handler)
    [Anonymous Symbol]                       0x080035dc   Section        0  main.o(.text.SystemClock_Config)
    [Anonymous Symbol]                       0x0800367c   Section        0  system_stm32f4xx.o(.text.SystemInit)
    [Anonymous Symbol]                       0x08003698   Section        0  stm32f4xx_it.o(.text.TIM4_IRQHandler)
    [Anonymous Symbol]                       0x080036a8   Section        0  stm32f4xx_hal_tim.o(.text.TIM_Base_SetConfig)
    [Anonymous Symbol]                       0x080037cc   Section        0  stm32f4xx_hal_tim.o(.text.TIM_ETR_SetConfig)
    TIM_ITRx_SetConfig                       0x080037e5   Thumb Code    16  stm32f4xx_hal_tim.o(.text.TIM_ITRx_SetConfig)
    [Anonymous Symbol]                       0x080037e4   Section        0  stm32f4xx_hal_tim.o(.text.TIM_ITRx_SetConfig)
    TIM_TI1_ConfigInputStage                 0x080037f5   Thumb Code    34  stm32f4xx_hal_tim.o(.text.TIM_TI1_ConfigInputStage)
    [Anonymous Symbol]                       0x080037f4   Section        0  stm32f4xx_hal_tim.o(.text.TIM_TI1_ConfigInputStage)
    TIM_TI2_ConfigInputStage                 0x08003819   Thumb Code    36  stm32f4xx_hal_tim.o(.text.TIM_TI2_ConfigInputStage)
    [Anonymous Symbol]                       0x08003818   Section        0  stm32f4xx_hal_tim.o(.text.TIM_TI2_ConfigInputStage)
    [Anonymous Symbol]                       0x0800383c   Section        0  stm32f4xx_it.o(.text.UsageFault_Handler)
    __NVIC_EnableIRQ                         0x08003841   Thumb Code    32  stm32f4xx_hal_cortex.o(.text.__NVIC_EnableIRQ)
    [Anonymous Symbol]                       0x08003840   Section        0  stm32f4xx_hal_cortex.o(.text.__NVIC_EnableIRQ)
    __NVIC_GetPriorityGrouping               0x08003861   Thumb Code    16  stm32f4xx_hal_cortex.o(.text.__NVIC_GetPriorityGrouping)
    [Anonymous Symbol]                       0x08003860   Section        0  stm32f4xx_hal_cortex.o(.text.__NVIC_GetPriorityGrouping)
    __NVIC_SetPriority                       0x08003871   Thumb Code    34  stm32f4xx_hal_cortex.o(.text.__NVIC_SetPriority)
    [Anonymous Symbol]                       0x08003870   Section        0  stm32f4xx_hal_cortex.o(.text.__NVIC_SetPriority)
    __NVIC_SetPriorityGrouping               0x08003895   Thumb Code    32  stm32f4xx_hal_cortex.o(.text.__NVIC_SetPriorityGrouping)
    [Anonymous Symbol]                       0x08003894   Section        0  stm32f4xx_hal_cortex.o(.text.__NVIC_SetPriorityGrouping)
    [Anonymous Symbol]                       0x080038b8   Section        0  main.o(.text.heartbeatDetected)
    [Anonymous Symbol]                       0x08003940   Section        0  main.o(.text.main)
    [Anonymous Symbol]                       0x080039a4   Section        0  oled_ssd1306.o(.text.ssd1306SetDisplay)
    [Anonymous Symbol]                       0x080039ac   Section        0  oled_ssd1306.o(.text.ssd1306_DrawPixel)
    [Anonymous Symbol]                       0x080039ec   Section        0  oled_ssd1306.o(.text.ssd1306_Fill)
    [Anonymous Symbol]                       0x08003a08   Section        0  oled_ssd1306.o(.text.ssd1306_Init)
    [Anonymous Symbol]                       0x08003ac0   Section        0  oled_ssd1306.o(.text.ssd1306_SetContrast)
    [Anonymous Symbol]                       0x08003ad4   Section        0  oled_ssd1306.o(.text.ssd1306_SetCursor)
    [Anonymous Symbol]                       0x08003aec   Section        0  oled_ssd1306.o(.text.ssd1306_UpdateScreen)
    [Anonymous Symbol]                       0x08003b24   Section        0  oled_ssd1306.o(.text.ssd1306_WriteChar)
    [Anonymous Symbol]                       0x08003bd8   Section        0  oled_ssd1306.o(.text.ssd1306_WriteCommand)
    [Anonymous Symbol]                       0x08003c08   Section        0  oled_ssd1306.o(.text.ssd1306_WriteData)
    [Anonymous Symbol]                       0x08003c30   Section        0  oled_ssd1306.o(.text.ssd1306_WriteString)
    [Anonymous Symbol]                       0x08003c68   Section        0  main.o(.text.updateScreen)
    [Anonymous Symbol]                       0x08003d78   Section        0  main.o(.text.writeScreenCenter)
    $v0                                      0x08003e18   Number         0  dfix.o(x$fpl$dfix)
    x$fpl$dfix                               0x08003e18   Section       94  dfix.o(x$fpl$dfix)
    $v0                                      0x08003e76   Number         0  dflt_clz.o(x$fpl$dfltu)
    x$fpl$dfltu                              0x08003e76   Section       38  dflt_clz.o(x$fpl$dfltu)
    $v0                                      0x08003e9c   Number         0  dmul.o(x$fpl$dmul)
    x$fpl$dmul                               0x08003e9c   Section      340  dmul.o(x$fpl$dmul)
    $v0                                      0x08003ff0   Number         0  dnaninf.o(x$fpl$dnaninf)
    x$fpl$dnaninf                            0x08003ff0   Section      156  dnaninf.o(x$fpl$dnaninf)
    $v0                                      0x0800408c   Number         0  dretinf.o(x$fpl$dretinf)
    x$fpl$dretinf                            0x0800408c   Section       12  dretinf.o(x$fpl$dretinf)
    $v0                                      0x08004098   Number         0  fpinit.o(x$fpl$fpinit)
    x$fpl$fpinit                             0x08004098   Section       26  fpinit.o(x$fpl$fpinit)
    x$fpl$usenofp                            0x080040b2   Section        0  usenofp.o(x$fpl$usenofp)
    Font11x18                                0x080040ca   Data        3420  ssd1306_fonts.o(.rodata.Font11x18)
    [Anonymous Symbol]                       0x080040ca   Section        0  ssd1306_fonts.o(.rodata.Font11x18)
    Font16x26                                0x08004e26   Data        4940  ssd1306_fonts.o(.rodata.Font16x26)
    [Anonymous Symbol]                       0x08004e26   Section        0  ssd1306_fonts.o(.rodata.Font16x26)
    Font6x8                                  0x08006172   Data        1520  ssd1306_fonts.o(.rodata.Font6x8)
    [Anonymous Symbol]                       0x08006172   Section        0  ssd1306_fonts.o(.rodata.Font6x8)
    Font7x10                                 0x08006762   Data        1900  ssd1306_fonts.o(.rodata.Font7x10)
    [Anonymous Symbol]                       0x08006762   Section        0  ssd1306_fonts.o(.rodata.Font7x10)
    .L.str.1                                 0x08006ece   Data          14  main.o(.rodata.str1.1)
    [Anonymous Symbol]                       0x08006ece   Section        0  main.o(.rodata.str1.1)
    .L.str                                   0x08006edc   Data          18  main.o(.rodata.str1.1)
    .L.str.2                                 0x08006eee   Data           7  main.o(.rodata.str1.1)
    .bss                                     0x20000030   Section       96  libspace.o(.bss)
    HAL_ADC_ConvCpltCallback.beatMs          0x20000090   Data           2  main.o(.bss.HAL_ADC_ConvCpltCallback.beatMs)
    [Anonymous Symbol]                       0x20000090   Section        0  main.o(.bss.HAL_ADC_ConvCpltCallback.beatMs)
    HAL_ADC_ConvCpltCallback.statePrev       0x20000094   Data           4  main.o(.bss.HAL_ADC_ConvCpltCallback.statePrev)
    [Anonymous Symbol]                       0x20000094   Section        0  main.o(.bss.HAL_ADC_ConvCpltCallback.statePrev)
    HAL_TIM_PeriodElapsedCallback.counter    0x20000098   Data           4  main.o(.bss.HAL_TIM_PeriodElapsedCallback.counter)
    [Anonymous Symbol]                       0x20000098   Section        0  main.o(.bss.HAL_TIM_PeriodElapsedCallback.counter)
    SSD1306.0                                0x2000009c   Data           2  oled_ssd1306.o(.bss.SSD1306.0)
    [Anonymous Symbol]                       0x2000009c   Section        0  oled_ssd1306.o(.bss.SSD1306.0)
    SSD1306.1                                0x2000009e   Data           2  oled_ssd1306.o(.bss.SSD1306.1)
    [Anonymous Symbol]                       0x2000009e   Section        0  oled_ssd1306.o(.bss.SSD1306.1)
    SSD1306_Buffer                           0x200000a0   Data        1024  oled_ssd1306.o(.bss.SSD1306_Buffer)
    [Anonymous Symbol]                       0x200000a0   Section        0  oled_ssd1306.o(.bss.SSD1306_Buffer)
    heartbeatDetected.isPeak                 0x200005d4   Data           1  main.o(.bss.heartbeatDetected.isPeak)
    [Anonymous Symbol]                       0x200005d4   Section        0  main.o(.bss.heartbeatDetected.isPeak)
    heartbeatDetected.maxValue               0x200005d8   Data           4  main.o(.bss.heartbeatDetected.maxValue)
    [Anonymous Symbol]                       0x200005d8   Section        0  main.o(.bss.heartbeatDetected.maxValue)
    Heap_Mem                                 0x200006b8   Data         512  startup_stm32f407xx.o(HEAP)
    HEAP                                     0x200006b8   Section      512  startup_stm32f407xx.o(HEAP)
    Stack_Mem                                0x200008b8   Data        1024  startup_stm32f407xx.o(STACK)
    STACK                                    0x200008b8   Section     1024  startup_stm32f407xx.o(STACK)
    __initial_sp                             0x20000cb8   Data           0  startup_stm32f407xx.o(STACK)

    Global Symbols

    Symbol Name                              Value     Ov Type        Size  Object(Section)

    BuildAttributes$$THM_ISAv4$E$P$D$K$B$S$7EM$VFPi3$EXTD16$VFPS$VFMA$PE$A:L22UL41UL21$X:L11$S22US41US21$IEEE1$IW$~IW$USESV6$~STKCKD$USESV7$~SHL$OTIME$ROPI$EBA8$UX$STANDARDLIB$REQ8$PRES8$EABIv2 0x00000000   Number         0  anon$$obj.o ABSOLUTE
    __ARM_exceptions_init                     - Undefined Weak Reference
    __alloca_initialize                       - Undefined Weak Reference
    __arm_preinit_                            - Undefined Weak Reference
    __cpp_initialize__aeabi_                  - Undefined Weak Reference
    __cxa_finalize                            - Undefined Weak Reference
    __rt_locale                               - Undefined Weak Reference
    __sigvec_lookup                           - Undefined Weak Reference
    _atexit_init                              - Undefined Weak Reference
    _call_atexit_fns                          - Undefined Weak Reference
    _clock_init                               - Undefined Weak Reference
    _fp_trap_init                             - Undefined Weak Reference
    _fp_trap_shutdown                         - Undefined Weak Reference
    _get_lc_collate                           - Undefined Weak Reference
    _get_lc_ctype                             - Undefined Weak Reference
    _get_lc_monetary                          - Undefined Weak Reference
    _get_lc_numeric                           - Undefined Weak Reference
    _get_lc_time                              - Undefined Weak Reference
    _getenv_init                              - Undefined Weak Reference
    _handle_redirection                       - Undefined Weak Reference
    _init_alloc                               - Undefined Weak Reference
    _init_user_alloc                          - Undefined Weak Reference
    _initio                                   - Undefined Weak Reference
    _printf_post_padding                      - Undefined Weak Reference
    _printf_pre_padding                       - Undefined Weak Reference
    _printf_truncate_signed                   - Undefined Weak Reference
    _printf_truncate_unsigned                 - Undefined Weak Reference
    _rand_init                                - Undefined Weak Reference
    _signal_finish                            - Undefined Weak Reference
    _signal_init                              - Undefined Weak Reference
    _terminate_alloc                          - Undefined Weak Reference
    _terminate_user_alloc                     - Undefined Weak Reference
    _terminateio                              - Undefined Weak Reference
    __Vectors_Size                           0x00000188   Number         0  startup_stm32f407xx.o ABSOLUTE
    __Vectors                                0x08000000   Data           4  startup_stm32f407xx.o(RESET)
    __Vectors_End                            0x08000188   Data           0  startup_stm32f407xx.o(RESET)
    __main                                   0x08000189   Thumb Code     8  __main.o(!!!main)
    __scatterload                            0x08000191   Thumb Code     0  __scatter.o(!!!scatter)
    __scatterload_rt2                        0x08000191   Thumb Code    44  __scatter.o(!!!scatter)
    __scatterload_rt2_thumb_only             0x08000191   Thumb Code     0  __scatter.o(!!!scatter)
    __scatterload_null                       0x0800019f   Thumb Code     0  __scatter.o(!!!scatter)
    __scatterload_copy                       0x080001c5   Thumb Code    26  __scatter_copy.o(!!handler_copy)
    __scatterload_zeroinit                   0x080001e1   Thumb Code    28  __scatter_zi.o(!!handler_zi)
    _printf_d                                0x080001fd   Thumb Code     0  _printf_d.o(.ARM.Collect$$_printf_percent$$00000009)
    _printf_percent                          0x080001fd   Thumb Code     0  _printf_percent.o(.ARM.Collect$$_printf_percent$$00000000)
    _printf_percent_end                      0x08000203   Thumb Code     0  _printf_percent_end.o(.ARM.Collect$$_printf_percent$$00000017)
    __rt_lib_init                            0x08000207   Thumb Code     0  libinit.o(.ARM.Collect$$libinit$$00000000)
    __rt_lib_init_fp_1                       0x08000209   Thumb Code     0  libinit2.o(.ARM.Collect$$libinit$$00000001)
    __rt_lib_init_alloca_1                   0x0800020d   Thumb Code     0  libinit2.o(.ARM.Collect$$libinit$$0000002E)
    __rt_lib_init_argv_1                     0x0800020d   Thumb Code     0  libinit2.o(.ARM.Collect$$libinit$$0000002C)
    __rt_lib_init_atexit_1                   0x0800020d   Thumb Code     0  libinit2.o(.ARM.Collect$$libinit$$0000001B)
    __rt_lib_init_clock_1                    0x0800020d   Thumb Code     0  libinit2.o(.ARM.Collect$$libinit$$00000021)
    __rt_lib_init_cpp_1                      0x0800020d   Thumb Code     0  libinit2.o(.ARM.Collect$$libinit$$00000032)
    __rt_lib_init_exceptions_1               0x0800020d   Thumb Code     0  libinit2.o(.ARM.Collect$$libinit$$00000030)
    __rt_lib_init_fp_trap_1                  0x0800020d   Thumb Code     0  libinit2.o(.ARM.Collect$$libinit$$0000001F)
    __rt_lib_init_getenv_1                   0x0800020d   Thumb Code     0  libinit2.o(.ARM.Collect$$libinit$$00000023)
    __rt_lib_init_heap_1                     0x0800020d   Thumb Code     0  libinit2.o(.ARM.Collect$$libinit$$0000000A)
    __rt_lib_init_lc_collate_1               0x0800020d   Thumb Code     0  libinit2.o(.ARM.Collect$$libinit$$00000011)
    __rt_lib_init_lc_ctype_1                 0x0800020d   Thumb Code     0  libinit2.o(.ARM.Collect$$libinit$$00000013)
    __rt_lib_init_lc_monetary_1              0x0800020d   Thumb Code     0  libinit2.o(.ARM.Collect$$libinit$$00000015)
    __rt_lib_init_lc_numeric_1               0x0800020d   Thumb Code     0  libinit2.o(.ARM.Collect$$libinit$$00000017)
    __rt_lib_init_lc_time_1                  0x0800020d   Thumb Code     0  libinit2.o(.ARM.Collect$$libinit$$00000019)
    __rt_lib_init_preinit_1                  0x0800020d   Thumb Code     0  libinit2.o(.ARM.Collect$$libinit$$00000004)
    __rt_lib_init_rand_1                     0x0800020d   Thumb Code     0  libinit2.o(.ARM.Collect$$libinit$$0000000E)
    __rt_lib_init_return                     0x0800020d   Thumb Code     0  libinit2.o(.ARM.Collect$$libinit$$00000033)
    __rt_lib_init_signal_1                   0x0800020d   Thumb Code     0  libinit2.o(.ARM.Collect$$libinit$$0000001D)
    __rt_lib_init_stdio_1                    0x0800020d   Thumb Code     0  libinit2.o(.ARM.Collect$$libinit$$00000025)
    __rt_lib_init_user_alloc_1               0x0800020d   Thumb Code     0  libinit2.o(.ARM.Collect$$libinit$$0000000C)
    __rt_lib_shutdown                        0x0800020f   Thumb Code     0  libshutdown.o(.ARM.Collect$$libshutdown$$00000000)
    __rt_lib_shutdown_cpp_1                  0x08000211   Thumb Code     0  libshutdown2.o(.ARM.Collect$$libshutdown$$00000002)
    __rt_lib_shutdown_fp_trap_1              0x08000211   Thumb Code     0  libshutdown2.o(.ARM.Collect$$libshutdown$$00000007)
    __rt_lib_shutdown_heap_1                 0x08000211   Thumb Code     0  libshutdown2.o(.ARM.Collect$$libshutdown$$0000000F)
    __rt_lib_shutdown_return                 0x08000211   Thumb Code     0  libshutdown2.o(.ARM.Collect$$libshutdown$$00000010)
    __rt_lib_shutdown_signal_1               0x08000211   Thumb Code     0  libshutdown2.o(.ARM.Collect$$libshutdown$$0000000A)
    __rt_lib_shutdown_stdio_1                0x08000211   Thumb Code     0  libshutdown2.o(.ARM.Collect$$libshutdown$$00000004)
    __rt_lib_shutdown_user_alloc_1           0x08000211   Thumb Code     0  libshutdown2.o(.ARM.Collect$$libshutdown$$0000000C)
    __rt_entry                               0x08000213   Thumb Code     0  __rtentry.o(.ARM.Collect$$rtentry$$00000000)
    __rt_entry_presh_1                       0x08000213   Thumb Code     0  __rtentry2.o(.ARM.Collect$$rtentry$$00000002)
    __rt_entry_sh                            0x08000213   Thumb Code     0  __rtentry4.o(.ARM.Collect$$rtentry$$00000004)
    __rt_entry_li                            0x08000219   Thumb Code     0  __rtentry2.o(.ARM.Collect$$rtentry$$0000000A)
    __rt_entry_postsh_1                      0x08000219   Thumb Code     0  __rtentry2.o(.ARM.Collect$$rtentry$$00000009)
    __rt_entry_main                          0x0800021d   Thumb Code     0  __rtentry2.o(.ARM.Collect$$rtentry$$0000000D)
    __rt_entry_postli_1                      0x0800021d   Thumb Code     0  __rtentry2.o(.ARM.Collect$$rtentry$$0000000C)
    __rt_exit                                0x08000225   Thumb Code     0  rtexit.o(.ARM.Collect$$rtexit$$00000000)
    __rt_exit_ls                             0x08000227   Thumb Code     0  rtexit2.o(.ARM.Collect$$rtexit$$00000003)
    __rt_exit_prels_1                        0x08000227   Thumb Code     0  rtexit2.o(.ARM.Collect$$rtexit$$00000002)
    __rt_exit_exit                           0x0800022b   Thumb Code     0  rtexit2.o(.ARM.Collect$$rtexit$$00000004)
    Reset_Handler                            0x08000231   Thumb Code     8  startup_stm32f407xx.o(.text)
    CAN1_RX0_IRQHandler                      0x0800024b   Thumb Code     0  startup_stm32f407xx.o(.text)
    CAN1_RX1_IRQHandler                      0x0800024b   Thumb Code     0  startup_stm32f407xx.o(.text)
    CAN1_SCE_IRQHandler                      0x0800024b   Thumb Code     0  startup_stm32f407xx.o(.text)
    CAN1_TX_IRQHandler                       0x0800024b   Thumb Code     0  startup_stm32f407xx.o(.text)
    CAN2_RX0_IRQHandler                      0x0800024b   Thumb Code     0  startup_stm32f407xx.o(.text)
    CAN2_RX1_IRQHandler                      0x0800024b   Thumb Code     0  startup_stm32f407xx.o(.text)
    CAN2_SCE_IRQHandler                      0x0800024b   Thumb Code     0  startup_stm32f407xx.o(.text)
    CAN2_TX_IRQHandler                       0x0800024b   Thumb Code     0  startup_stm32f407xx.o(.text)
    DCMI_IRQHandler                          0x0800024b   Thumb Code     0  startup_stm32f407xx.o(.text)
    DMA1_Stream0_IRQHandler                  0x0800024b   Thumb Code     0  startup_stm32f407xx.o(.text)
    DMA1_Stream1_IRQHandler                  0x0800024b   Thumb Code     0  startup_stm32f407xx.o(.text)
    DMA1_Stream2_IRQHandler                  0x0800024b   Thumb Code     0  startup_stm32f407xx.o(.text)
    DMA1_Stream3_IRQHandler                  0x0800024b   Thumb Code     0  startup_stm32f407xx.o(.text)
    DMA1_Stream4_IRQHandler                  0x0800024b   Thumb Code     0  startup_stm32f407xx.o(.text)
    DMA1_Stream5_IRQHandler                  0x0800024b   Thumb Code     0  startup_stm32f407xx.o(.text)
    DMA1_Stream6_IRQHandler                  0x0800024b   Thumb Code     0  startup_stm32f407xx.o(.text)
    DMA1_Stream7_IRQHandler                  0x0800024b   Thumb Code     0  startup_stm32f407xx.o(.text)
    DMA2_Stream1_IRQHandler                  0x0800024b   Thumb Code     0  startup_stm32f407xx.o(.text)
    DMA2_Stream2_IRQHandler                  0x0800024b   Thumb Code     0  startup_stm32f407xx.o(.text)
    DMA2_Stream3_IRQHandler                  0x0800024b   Thumb Code     0  startup_stm32f407xx.o(.text)
    DMA2_Stream4_IRQHandler                  0x0800024b   Thumb Code     0  startup_stm32f407xx.o(.text)
    DMA2_Stream5_IRQHandler                  0x0800024b   Thumb Code     0  startup_stm32f407xx.o(.text)
    DMA2_Stream6_IRQHandler                  0x0800024b   Thumb Code     0  startup_stm32f407xx.o(.text)
    DMA2_Stream7_IRQHandler                  0x0800024b   Thumb Code     0  startup_stm32f407xx.o(.text)
    ETH_IRQHandler                           0x0800024b   Thumb Code     0  startup_stm32f407xx.o(.text)
    ETH_WKUP_IRQHandler                      0x0800024b   Thumb Code     0  startup_stm32f407xx.o(.text)
    EXTI15_10_IRQHandler                     0x0800024b   Thumb Code     0  startup_stm32f407xx.o(.text)
    EXTI1_IRQHandler                         0x0800024b   Thumb Code     0  startup_stm32f407xx.o(.text)
    EXTI2_IRQHandler                         0x0800024b   Thumb Code     0  startup_stm32f407xx.o(.text)
    EXTI3_IRQHandler                         0x0800024b   Thumb Code     0  startup_stm32f407xx.o(.text)
    EXTI4_IRQHandler                         0x0800024b   Thumb Code     0  startup_stm32f407xx.o(.text)
    EXTI9_5_IRQHandler                       0x0800024b   Thumb Code     0  startup_stm32f407xx.o(.text)
    FLASH_IRQHandler                         0x0800024b   Thumb Code     0  startup_stm32f407xx.o(.text)
    FMC_IRQHandler                           0x0800024b   Thumb Code     0  startup_stm32f407xx.o(.text)
    FPU_IRQHandler                           0x0800024b   Thumb Code     0  startup_stm32f407xx.o(.text)
    HASH_RNG_IRQHandler                      0x0800024b   Thumb Code     0  startup_stm32f407xx.o(.text)
    I2C1_ER_IRQHandler                       0x0800024b   Thumb Code     0  startup_stm32f407xx.o(.text)
    I2C2_ER_IRQHandler                       0x0800024b   Thumb Code     0  startup_stm32f407xx.o(.text)
    I2C2_EV_IRQHandler                       0x0800024b   Thumb Code     0  startup_stm32f407xx.o(.text)
    I2C3_ER_IRQHandler                       0x0800024b   Thumb Code     0  startup_stm32f407xx.o(.text)
    I2C3_EV_IRQHandler                       0x0800024b   Thumb Code     0  startup_stm32f407xx.o(.text)
    OTG_FS_IRQHandler                        0x0800024b   Thumb Code     0  startup_stm32f407xx.o(.text)
    OTG_FS_WKUP_IRQHandler                   0x0800024b   Thumb Code     0  startup_stm32f407xx.o(.text)
    OTG_HS_EP1_IN_IRQHandler                 0x0800024b   Thumb Code     0  startup_stm32f407xx.o(.text)
    OTG_HS_EP1_OUT_IRQHandler                0x0800024b   Thumb Code     0  startup_stm32f407xx.o(.text)
    OTG_HS_IRQHandler                        0x0800024b   Thumb Code     0  startup_stm32f407xx.o(.text)
    OTG_HS_WKUP_IRQHandler                   0x0800024b   Thumb Code     0  startup_stm32f407xx.o(.text)
    PVD_IRQHandler                           0x0800024b   Thumb Code     0  startup_stm32f407xx.o(.text)
    RCC_IRQHandler                           0x0800024b   Thumb Code     0  startup_stm32f407xx.o(.text)
    RTC_Alarm_IRQHandler                     0x0800024b   Thumb Code     0  startup_stm32f407xx.o(.text)
    RTC_WKUP_IRQHandler                      0x0800024b   Thumb Code     0  startup_stm32f407xx.o(.text)
    SDIO_IRQHandler                          0x0800024b   Thumb Code     0  startup_stm32f407xx.o(.text)
    SPI1_IRQHandler                          0x0800024b   Thumb Code     0  startup_stm32f407xx.o(.text)
    SPI2_IRQHandler                          0x0800024b   Thumb Code     0  startup_stm32f407xx.o(.text)
    SPI3_IRQHandler                          0x0800024b   Thumb Code     0  startup_stm32f407xx.o(.text)
    TAMP_STAMP_IRQHandler                    0x0800024b   Thumb Code     0  startup_stm32f407xx.o(.text)
    TIM1_BRK_TIM9_IRQHandler                 0x0800024b   Thumb Code     0  startup_stm32f407xx.o(.text)
    TIM1_CC_IRQHandler                       0x0800024b   Thumb Code     0  startup_stm32f407xx.o(.text)
    TIM1_TRG_COM_TIM11_IRQHandler            0x0800024b   Thumb Code     0  startup_stm32f407xx.o(.text)
    TIM1_UP_TIM10_IRQHandler                 0x0800024b   Thumb Code     0  startup_stm32f407xx.o(.text)
    TIM2_IRQHandler                          0x0800024b   Thumb Code     0  startup_stm32f407xx.o(.text)
    TIM3_IRQHandler                          0x0800024b   Thumb Code     0  startup_stm32f407xx.o(.text)
    TIM5_IRQHandler                          0x0800024b   Thumb Code     0  startup_stm32f407xx.o(.text)
    TIM6_DAC_IRQHandler                      0x0800024b   Thumb Code     0  startup_stm32f407xx.o(.text)
    TIM7_IRQHandler                          0x0800024b   Thumb Code     0  startup_stm32f407xx.o(.text)
    TIM8_BRK_TIM12_IRQHandler                0x0800024b   Thumb Code     0  startup_stm32f407xx.o(.text)
    TIM8_CC_IRQHandler                       0x0800024b   Thumb Code     0  startup_stm32f407xx.o(.text)
    TIM8_TRG_COM_TIM14_IRQHandler            0x0800024b   Thumb Code     0  startup_stm32f407xx.o(.text)
    TIM8_UP_TIM13_IRQHandler                 0x0800024b   Thumb Code     0  startup_stm32f407xx.o(.text)
    UART4_IRQHandler                         0x0800024b   Thumb Code     0  startup_stm32f407xx.o(.text)
    UART5_IRQHandler                         0x0800024b   Thumb Code     0  startup_stm32f407xx.o(.text)
    USART1_IRQHandler                        0x0800024b   Thumb Code     0  startup_stm32f407xx.o(.text)
    USART2_IRQHandler                        0x0800024b   Thumb Code     0  startup_stm32f407xx.o(.text)
    USART3_IRQHandler                        0x0800024b   Thumb Code     0  startup_stm32f407xx.o(.text)
    USART6_IRQHandler                        0x0800024b   Thumb Code     0  startup_stm32f407xx.o(.text)
    WWDG_IRQHandler                          0x0800024b   Thumb Code     0  startup_stm32f407xx.o(.text)
    __user_initial_stackheap                 0x0800024d   Thumb Code     0  startup_stm32f407xx.o(.text)
    __aeabi_uldivmod                         0x08000271   Thumb Code     0  lludivv7m.o(.text)
    _ll_udiv                                 0x08000271   Thumb Code   240  lludivv7m.o(.text)
    __2sprintf                               0x08000361   Thumb Code    34  noretval__2sprintf.o(.text)
    __printf                                 0x08000389   Thumb Code   104  __printf.o(.text)
    _printf_int_dec                          0x080003f1   Thumb Code   104  _printf_dec.o(.text)
    strlen                                   0x08000469   Thumb Code    62  strlen.o(.text)
    __aeabi_memset4                          0x080004a7   Thumb Code    16  aeabi_memset4.o(.text)
    __aeabi_memset8                          0x080004a7   Thumb Code     0  aeabi_memset4.o(.text)
    __aeabi_memclr4                          0x080004b7   Thumb Code     0  rt_memclr_w.o(.text)
    __aeabi_memclr8                          0x080004b7   Thumb Code     0  rt_memclr_w.o(.text)
    __rt_memclr_w                            0x080004b7   Thumb Code     0  rt_memclr_w.o(.text)
    _memset_w                                0x080004bb   Thumb Code    74  rt_memclr_w.o(.text)
    __use_two_region_memory                  0x08000505   Thumb Code     2  heapauxi.o(.text)
    __rt_heap_escrow$2region                 0x08000507   Thumb Code     2  heapauxi.o(.text)
    __rt_heap_expand$2region                 0x08000509   Thumb Code     2  heapauxi.o(.text)
    _printf_int_common                       0x0800050b   Thumb Code   178  _printf_intcommon.o(.text)
    _printf_char_common                      0x080005c7   Thumb Code    32  _printf_char_common.o(.text)
    _sputc                                   0x080005ed   Thumb Code    10  _sputc.o(.text)
    __user_setup_stackheap                   0x080005f7   Thumb Code    74  sys_stackheap_outer.o(.text)
    exit                                     0x08000641   Thumb Code    18  exit.o(.text)
    __user_libspace                          0x08000655   Thumb Code     8  libspace.o(.text)
    __user_perproc_libspace                  0x08000655   Thumb Code     0  libspace.o(.text)
    __user_perthread_libspace                0x08000655   Thumb Code     0  libspace.o(.text)
    _sys_exit                                0x0800065d   Thumb Code     8  sys_exit.o(.text)
    __I$use$semihosting                      0x08000669   Thumb Code     0  use_no_semi.o(.text)
    __use_no_semihosting_swi                 0x08000669   Thumb Code     2  use_no_semi.o(.text)
    __semihosting_library_function           0x0800066b   Thumb Code     0  indicate_semi.o(.text)
    ADC_IRQHandler                           0x08000705   Thumb Code    16  stm32f4xx_it.o(.text.ADC_IRQHandler)
    BusFault_Handler                         0x0800081d   Thumb Code     2  stm32f4xx_it.o(.text.BusFault_Handler)
    DMA2_Stream0_IRQHandler                  0x08000821   Thumb Code    16  stm32f4xx_it.o(.text.DMA2_Stream0_IRQHandler)
    DebugMon_Handler                         0x080008ed   Thumb Code     2  stm32f4xx_it.o(.text.DebugMon_Handler)
    EXTI0_IRQHandler                         0x080008f1   Thumb Code    10  stm32f4xx_it.o(.text.EXTI0_IRQHandler)
    Error_Handler                            0x080008fd   Thumb Code     6  main.o(.text.Error_Handler)
    HAL_ADCEx_InjectedConvCpltCallback       0x08000905   Thumb Code     2  stm32f4xx_hal_adc_ex.o(.text.HAL_ADCEx_InjectedConvCpltCallback)
    HAL_ADC_ConfigChannel                    0x08000909   Thumb Code   262  stm32f4xx_hal_adc.o(.text.HAL_ADC_ConfigChannel)
    HAL_ADC_ConvCpltCallback                 0x08000a11   Thumb Code   242  main.o(.text.HAL_ADC_ConvCpltCallback)
    HAL_ADC_ConvHalfCpltCallback             0x08000b05   Thumb Code     2  stm32f4xx_hal_adc.o(.text.HAL_ADC_ConvHalfCpltCallback)
    HAL_ADC_ErrorCallback                    0x08000b09   Thumb Code     2  stm32f4xx_hal_adc.o(.text.HAL_ADC_ErrorCallback)
    HAL_ADC_IRQHandler                       0x08000b0d   Thumb Code   322  stm32f4xx_hal_adc.o(.text.HAL_ADC_IRQHandler)
    HAL_ADC_Init                             0x08000c51   Thumb Code    78  stm32f4xx_hal_adc.o(.text.HAL_ADC_Init)
    HAL_ADC_LevelOutOfWindowCallback         0x08000ca1   Thumb Code     2  stm32f4xx_hal_adc.o(.text.HAL_ADC_LevelOutOfWindowCallback)
    HAL_ADC_MspInit                          0x08000ca5   Thumb Code   188  stm32f4xx_hal_msp.o(.text.HAL_ADC_MspInit)
    HAL_ADC_Start_DMA                        0x08000d61   Thumb Code   332  stm32f4xx_hal_adc.o(.text.HAL_ADC_Start_DMA)
    HAL_ADC_Start_IT                         0x08000ead   Thumb Code   280  stm32f4xx_hal_adc.o(.text.HAL_ADC_Start_IT)
    HAL_ADC_Stop_DMA                         0x08000fc5   Thumb Code    86  stm32f4xx_hal_adc.o(.text.HAL_ADC_Stop_DMA)
    HAL_DMA_Abort                            0x0800101d   Thumb Code   138  stm32f4xx_hal_dma.o(.text.HAL_DMA_Abort)
    HAL_DMA_Abort_IT                         0x080010a9   Thumb Code    36  stm32f4xx_hal_dma.o(.text.HAL_DMA_Abort_IT)
    HAL_DMA_GetState                         0x080010cd   Thumb Code     6  stm32f4xx_hal_dma.o(.text.HAL_DMA_GetState)
    HAL_DMA_IRQHandler                       0x080010d5   Thumb Code   396  stm32f4xx_hal_dma.o(.text.HAL_DMA_IRQHandler)
    HAL_DMA_Init                             0x08001261   Thumb Code   206  stm32f4xx_hal_dma.o(.text.HAL_DMA_Init)
    HAL_DMA_Start_IT                         0x08001331   Thumb Code    98  stm32f4xx_hal_dma.o(.text.HAL_DMA_Start_IT)
    HAL_Delay                                0x08001395   Thumb Code    40  stm32f4xx_hal.o(.text.HAL_Delay)
    HAL_GPIO_EXTI_Callback                   0x080013bd   Thumb Code   128  main.o(.text.HAL_GPIO_EXTI_Callback)
    HAL_GPIO_EXTI_IRQHandler                 0x0800143d   Thumb Code    26  stm32f4xx_hal_gpio.o(.text.HAL_GPIO_EXTI_IRQHandler)
    HAL_GPIO_Init                            0x08001459   Thumb Code   410  stm32f4xx_hal_gpio.o(.text.HAL_GPIO_Init)
    HAL_GPIO_TogglePin                       0x080015f5   Thumb Code    14  stm32f4xx_hal_gpio.o(.text.HAL_GPIO_TogglePin)
    HAL_GPIO_WritePin                        0x08001605   Thumb Code    10  stm32f4xx_hal_gpio.o(.text.HAL_GPIO_WritePin)
    HAL_GetTick                              0x08001611   Thumb Code    12  stm32f4xx_hal.o(.text.HAL_GetTick)
    HAL_I2C_AbortCpltCallback                0x0800161d   Thumb Code     2  stm32f4xx_hal_i2c.o(.text.HAL_I2C_AbortCpltCallback)
    HAL_I2C_AddrCallback                     0x08001621   Thumb Code     2  stm32f4xx_hal_i2c.o(.text.HAL_I2C_AddrCallback)
    HAL_I2C_EV_IRQHandler                    0x08001625   Thumb Code   384  stm32f4xx_hal_i2c.o(.text.HAL_I2C_EV_IRQHandler)
    HAL_I2C_ErrorCallback                    0x080017a5   Thumb Code     2  stm32f4xx_hal_i2c.o(.text.HAL_I2C_ErrorCallback)
    HAL_I2C_Init                             0x080017a9   Thumb Code   408  stm32f4xx_hal_i2c.o(.text.HAL_I2C_Init)
    HAL_I2C_ListenCpltCallback               0x08001941   Thumb Code     2  stm32f4xx_hal_i2c.o(.text.HAL_I2C_ListenCpltCallback)
    HAL_I2C_MasterRxCpltCallback             0x08001945   Thumb Code     2  stm32f4xx_hal_i2c.o(.text.HAL_I2C_MasterRxCpltCallback)
    HAL_I2C_MasterTxCpltCallback             0x08001949   Thumb Code     2  stm32f4xx_hal_i2c.o(.text.HAL_I2C_MasterTxCpltCallback)
    HAL_I2C_MemRxCpltCallback                0x0800194d   Thumb Code     2  stm32f4xx_hal_i2c.o(.text.HAL_I2C_MemRxCpltCallback)
    HAL_I2C_MemTxCpltCallback                0x08001951   Thumb Code     2  stm32f4xx_hal_i2c.o(.text.HAL_I2C_MemTxCpltCallback)
    HAL_I2C_Mem_Write                        0x08001955   Thumb Code   298  stm32f4xx_hal_i2c.o(.text.HAL_I2C_Mem_Write)
    HAL_I2C_MspInit                          0x08001a81   Thumb Code   130  stm32f4xx_hal_msp.o(.text.HAL_I2C_MspInit)
    HAL_I2C_SlaveRxCpltCallback              0x08001b05   Thumb Code     2  stm32f4xx_hal_i2c.o(.text.HAL_I2C_SlaveRxCpltCallback)
    HAL_I2C_SlaveTxCpltCallback              0x08001b09   Thumb Code     2  stm32f4xx_hal_i2c.o(.text.HAL_I2C_SlaveTxCpltCallback)
    HAL_IncTick                              0x08001b0d   Thumb Code    26  stm32f4xx_hal.o(.text.HAL_IncTick)
    HAL_Init                                 0x08001b29   Thumb Code    54  stm32f4xx_hal.o(.text.HAL_Init)
    HAL_InitTick                             0x08001b61   Thumb Code    80  stm32f4xx_hal.o(.text.HAL_InitTick)
    HAL_MspInit                              0x08001bb1   Thumb Code    56  stm32f4xx_hal_msp.o(.text.HAL_MspInit)
    HAL_NVIC_EnableIRQ                       0x08001be9   Thumb Code     8  stm32f4xx_hal_cortex.o(.text.HAL_NVIC_EnableIRQ)
    HAL_NVIC_SetPriority                     0x08001bf1   Thumb Code    30  stm32f4xx_hal_cortex.o(.text.HAL_NVIC_SetPriority)
    HAL_NVIC_SetPriorityGrouping             0x08001c11   Thumb Code     8  stm32f4xx_hal_cortex.o(.text.HAL_NVIC_SetPriorityGrouping)
    HAL_RCC_ClockConfig                      0x08001c19   Thumb Code   352  stm32f4xx_hal_rcc.o(.text.HAL_RCC_ClockConfig)
    HAL_RCC_GetHCLKFreq                      0x08001d79   Thumb Code    12  stm32f4xx_hal_rcc.o(.text.HAL_RCC_GetHCLKFreq)
    HAL_RCC_GetPCLK1Freq                     0x08001d85   Thumb Code    34  stm32f4xx_hal_rcc.o(.text.HAL_RCC_GetPCLK1Freq)
    HAL_RCC_GetSysClockFreq                  0x08001da9   Thumb Code   104  stm32f4xx_hal_rcc.o(.text.HAL_RCC_GetSysClockFreq)
    HAL_RCC_OscConfig                        0x08001e11   Thumb Code   820  stm32f4xx_hal_rcc.o(.text.HAL_RCC_OscConfig)
    HAL_SYSTICK_Config                       0x08002145   Thumb Code     8  stm32f4xx_hal_cortex.o(.text.HAL_SYSTICK_Config)
    HAL_TIMEx_BreakCallback                  0x0800214d   Thumb Code     2  stm32f4xx_hal_tim_ex.o(.text.HAL_TIMEx_BreakCallback)
    HAL_TIMEx_CommutCallback                 0x08002151   Thumb Code     2  stm32f4xx_hal_tim_ex.o(.text.HAL_TIMEx_CommutCallback)
    HAL_TIMEx_MasterConfigSynchronization    0x08002155   Thumb Code   184  stm32f4xx_hal_tim_ex.o(.text.HAL_TIMEx_MasterConfigSynchronization)
    HAL_TIM_Base_Init                        0x0800220d   Thumb Code    54  stm32f4xx_hal_tim.o(.text.HAL_TIM_Base_Init)
    HAL_TIM_Base_MspInit                     0x08002245   Thumb Code   114  stm32f4xx_hal_msp.o(.text.HAL_TIM_Base_MspInit)
    HAL_TIM_Base_Start                       0x080022b9   Thumb Code    38  stm32f4xx_hal_tim.o(.text.HAL_TIM_Base_Start)
    HAL_TIM_Base_Start_IT                    0x080022e1   Thumb Code    32  stm32f4xx_hal_tim.o(.text.HAL_TIM_Base_Start_IT)
    HAL_TIM_ConfigClockSource                0x08002301   Thumb Code   208  stm32f4xx_hal_tim.o(.text.HAL_TIM_ConfigClockSource)
    HAL_TIM_IC_CaptureCallback               0x080023d1   Thumb Code     2  stm32f4xx_hal_tim.o(.text.HAL_TIM_IC_CaptureCallback)
    HAL_TIM_IRQHandler                       0x080023d5   Thumb Code   362  stm32f4xx_hal_tim.o(.text.HAL_TIM_IRQHandler)
    HAL_TIM_OC_DelayElapsedCallback          0x08002541   Thumb Code     2  stm32f4xx_hal_tim.o(.text.HAL_TIM_OC_DelayElapsedCallback)
    HAL_TIM_PWM_PulseFinishedCallback        0x08002545   Thumb Code     2  stm32f4xx_hal_tim.o(.text.HAL_TIM_PWM_PulseFinishedCallback)
    HAL_TIM_PeriodElapsedCallback            0x08002549   Thumb Code    16  main.o(.text.HAL_TIM_PeriodElapsedCallback)
    HAL_TIM_TriggerCallback                  0x08002559   Thumb Code     2  stm32f4xx_hal_tim.o(.text.HAL_TIM_TriggerCallback)
    HardFault_Handler                        0x0800255d   Thumb Code     2  stm32f4xx_it.o(.text.HardFault_Handler)
    I2C1_EV_IRQHandler                       0x08002561   Thumb Code    16  stm32f4xx_it.o(.text.I2C1_EV_IRQHandler)
    MemManage_Handler                        0x08003569   Thumb Code     2  stm32f4xx_it.o(.text.MemManage_Handler)
    NMI_Handler                              0x0800356d   Thumb Code     2  stm32f4xx_it.o(.text.NMI_Handler)
    PendSV_Handler                           0x0800359d   Thumb Code     2  stm32f4xx_it.o(.text.PendSV_Handler)
    SVC_Handler                              0x080035a1   Thumb Code     2  stm32f4xx_it.o(.text.SVC_Handler)
    SysTick_Handler                          0x080035d5   Thumb Code     8  stm32f4xx_it.o(.text.SysTick_Handler)
    SystemClock_Config                       0x080035dd   Thumb Code   160  main.o(.text.SystemClock_Config)
    SystemInit                               0x0800367d   Thumb Code    26  system_stm32f4xx.o(.text.SystemInit)
    TIM4_IRQHandler                          0x08003699   Thumb Code    16  stm32f4xx_it.o(.text.TIM4_IRQHandler)
    TIM_Base_SetConfig                       0x080036a9   Thumb Code   292  stm32f4xx_hal_tim.o(.text.TIM_Base_SetConfig)
    TIM_ETR_SetConfig                        0x080037cd   Thumb Code    22  stm32f4xx_hal_tim.o(.text.TIM_ETR_SetConfig)
    UsageFault_Handler                       0x0800383d   Thumb Code     2  stm32f4xx_it.o(.text.UsageFault_Handler)
    heartbeatDetected                        0x080038b9   Thumb Code   136  main.o(.text.heartbeatDetected)
    main                                     0x08003941   Thumb Code   100  main.o(.text.main)
    ssd1306SetDisplay                        0x080039a5   Thumb Code     8  oled_ssd1306.o(.text.ssd1306SetDisplay)
    ssd1306_DrawPixel                        0x080039ad   Thumb Code    62  oled_ssd1306.o(.text.ssd1306_DrawPixel)
    ssd1306_Fill                             0x080039ed   Thumb Code    28  oled_ssd1306.o(.text.ssd1306_Fill)
    ssd1306_Init                             0x08003a09   Thumb Code   182  oled_ssd1306.o(.text.ssd1306_Init)
    ssd1306_SetContrast                      0x08003ac1   Thumb Code    18  oled_ssd1306.o(.text.ssd1306_SetContrast)
    ssd1306_SetCursor                        0x08003ad5   Thumb Code    22  oled_ssd1306.o(.text.ssd1306_SetCursor)
    ssd1306_UpdateScreen                     0x08003aed   Thumb Code    54  oled_ssd1306.o(.text.ssd1306_UpdateScreen)
    ssd1306_WriteChar                        0x08003b25   Thumb Code   180  oled_ssd1306.o(.text.ssd1306_WriteChar)
    ssd1306_WriteCommand                     0x08003bd9   Thumb Code    48  oled_ssd1306.o(.text.ssd1306_WriteCommand)
    ssd1306_WriteData                        0x08003c09   Thumb Code    40  oled_ssd1306.o(.text.ssd1306_WriteData)
    ssd1306_WriteString                      0x08003c31   Thumb Code    56  oled_ssd1306.o(.text.ssd1306_WriteString)
    updateScreen                             0x08003c69   Thumb Code   270  main.o(.text.updateScreen)
    writeScreenCenter                        0x08003d79   Thumb Code   158  main.o(.text.writeScreenCenter)
    __aeabi_d2iz                             0x08003e19   Thumb Code     0  dfix.o(x$fpl$dfix)
    _dfix                                    0x08003e19   Thumb Code    94  dfix.o(x$fpl$dfix)
    __aeabi_ui2d                             0x08003e77   Thumb Code     0  dflt_clz.o(x$fpl$dfltu)
    _dfltu                                   0x08003e77   Thumb Code    38  dflt_clz.o(x$fpl$dfltu)
    __aeabi_dmul                             0x08003e9d   Thumb Code     0  dmul.o(x$fpl$dmul)
    _dmul                                    0x08003e9d   Thumb Code   332  dmul.o(x$fpl$dmul)
    __fpl_dnaninf                            0x08003ff1   Thumb Code   156  dnaninf.o(x$fpl$dnaninf)
    __fpl_dretinf                            0x0800408d   Thumb Code    12  dretinf.o(x$fpl$dretinf)
    _fp_init                                 0x08004099   Thumb Code    26  fpinit.o(x$fpl$fpinit)
    __fplib_config_fpu_vfp                   0x080040b1   Thumb Code     0  fpinit.o(x$fpl$fpinit)
    __fplib_config_pureend_doubles           0x080040b1   Thumb Code     0  fpinit.o(x$fpl$fpinit)
    AHBPrescTable                            0x080040b2   Data          16  system_stm32f4xx.o(.rodata.AHBPrescTable)
    __I$use$fp                               0x080040b2   Number         0  usenofp.o(x$fpl$usenofp)
    APBPrescTable                            0x080040c2   Data           8  system_stm32f4xx.o(.rodata.APBPrescTable)
    Region$$Table$$Base                      0x08006ef8   Number         0  anon$$obj.o(Region$$Table)
    Region$$Table$$Limit                     0x08006f18   Number         0  anon$$obj.o(Region$$Table)
    Font_11x18                               0x20000000   Data           8  ssd1306_fonts.o(.data.Font_11x18)
    Font_16x26                               0x20000008   Data           8  ssd1306_fonts.o(.data.Font_16x26)
    Font_6x8                                 0x20000010   Data           8  ssd1306_fonts.o(.data.Font_6x8)
    Font_7x10                                0x20000018   Data           8  ssd1306_fonts.o(.data.Font_7x10)
    SystemCoreClock                          0x20000020   Data           4  system_stm32f4xx.o(.data.SystemCoreClock)
    state                                    0x20000024   Data           1  main.o(.data.state)
    uwTickFreq                               0x20000025   Data           1  stm32f4xx_hal.o(.data.uwTickFreq)
    uwTickPrio                               0x20000028   Data           4  stm32f4xx_hal.o(.data.uwTickPrio)
    __libspace_start                         0x20000030   Data          96  libspace.o(.bss)
    __temporary_stack_top$libspace           0x20000090   Data           0  libspace.o(.bss)
    adcMeanValue                             0x200004a0   Data           4  main.o(.bss.adcMeanValue)
    adc_value                                0x200004a4   Data         128  main.o(.bss.adc_value)
    bpmCounter                               0x20000524   Data           1  main.o(.bss.bpmCounter)
    hadc1                                    0x20000528   Data          72  main.o(.bss.hadc1)
    hdma_adc1                                0x20000570   Data          96  main.o(.bss.hdma_adc1)
    heartRateBPM                             0x200005d0   Data           4  main.o(.bss.heartRateBPM)
    hi2c1                                    0x200005dc   Data          84  main.o(.bss.hi2c1)
    htim3                                    0x20000630   Data          64  main.o(.bss.htim3)
    htim4                                    0x20000670   Data          64  main.o(.bss.htim4)
    uwTick                                   0x200006b0   Data           4  stm32f4xx_hal.o(.bss.uwTick)



==============================================================================

Memory Map of the image

  Image Entry point : 0x08000231

  Load Region LR_1 (Base: 0x08000000, Size: 0x00006f44, Max: 0xffffffff, ABSOLUTE)

    Execution Region ER_RO (Exec base: 0x08000000, Load base: 0x08000000, Size: 0x00006f18, Max: 0xffffffff, ABSOLUTE)

    Exec Addr    Load Addr    Size         Type   Attr      Idx    E Section Name        Object

    0x08000000   0x08000000   0x00000188   Data   RO          144    RESET               startup_stm32f407xx.o
    0x08000188   0x08000188   0x00000008   Code   RO         1153  * !!!main             c_w.l(__main.o)
    0x08000190   0x08000190   0x00000034   Code   RO         1352    !!!scatter          c_w.l(__scatter.o)
    0x080001c4   0x080001c4   0x0000001a   Code   RO         1354    !!handler_copy      c_w.l(__scatter_copy.o)
    0x080001de   0x080001de   0x00000002   PAD
    0x080001e0   0x080001e0   0x0000001c   Code   RO         1356    !!handler_zi        c_w.l(__scatter_zi.o)
    0x080001fc   0x080001fc   0x00000000   Code   RO         1144    .ARM.Collect$$_printf_percent$$00000000  c_w.l(_printf_percent.o)
    0x080001fc   0x080001fc   0x00000006   Code   RO         1143    .ARM.Collect$$_printf_percent$$00000009  c_w.l(_printf_d.o)
    0x08000202   0x08000202   0x00000004   Code   RO         1178    .ARM.Collect$$_printf_percent$$00000017  c_w.l(_printf_percent_end.o)
    0x08000206   0x08000206   0x00000002   Code   RO         1216    .ARM.Collect$$libinit$$00000000  c_w.l(libinit.o)
    0x08000208   0x08000208   0x00000004   Code   RO         1228    .ARM.Collect$$libinit$$00000001  c_w.l(libinit2.o)
    0x0800020c   0x0800020c   0x00000000   Code   RO         1231    .ARM.Collect$$libinit$$00000004  c_w.l(libinit2.o)
    0x0800020c   0x0800020c   0x00000000   Code   RO         1234    .ARM.Collect$$libinit$$0000000A  c_w.l(libinit2.o)
    0x0800020c   0x0800020c   0x00000000   Code   RO         1236    .ARM.Collect$$libinit$$0000000C  c_w.l(libinit2.o)
    0x0800020c   0x0800020c   0x00000000   Code   RO         1238    .ARM.Collect$$libinit$$0000000E  c_w.l(libinit2.o)
    0x0800020c   0x0800020c   0x00000000   Code   RO         1241    .ARM.Collect$$libinit$$00000011  c_w.l(libinit2.o)
    0x0800020c   0x0800020c   0x00000000   Code   RO         1243    .ARM.Collect$$libinit$$00000013  c_w.l(libinit2.o)
    0x0800020c   0x0800020c   0x00000000   Code   RO         1245    .ARM.Collect$$libinit$$00000015  c_w.l(libinit2.o)
    0x0800020c   0x0800020c   0x00000000   Code   RO         1247    .ARM.Collect$$libinit$$00000017  c_w.l(libinit2.o)
    0x0800020c   0x0800020c   0x00000000   Code   RO         1249    .ARM.Collect$$libinit$$00000019  c_w.l(libinit2.o)
    0x0800020c   0x0800020c   0x00000000   Code   RO         1251    .ARM.Collect$$libinit$$0000001B  c_w.l(libinit2.o)
    0x0800020c   0x0800020c   0x00000000   Code   RO         1253    .ARM.Collect$$libinit$$0000001D  c_w.l(libinit2.o)
    0x0800020c   0x0800020c   0x00000000   Code   RO         1255    .ARM.Collect$$libinit$$0000001F  c_w.l(libinit2.o)
    0x0800020c   0x0800020c   0x00000000   Code   RO         1257    .ARM.Collect$$libinit$$00000021  c_w.l(libinit2.o)
    0x0800020c   0x0800020c   0x00000000   Code   RO         1259    .ARM.Collect$$libinit$$00000023  c_w.l(libinit2.o)
    0x0800020c   0x0800020c   0x00000000   Code   RO         1261    .ARM.Collect$$libinit$$00000025  c_w.l(libinit2.o)
    0x0800020c   0x0800020c   0x00000000   Code   RO         1265    .ARM.Collect$$libinit$$0000002C  c_w.l(libinit2.o)
    0x0800020c   0x0800020c   0x00000000   Code   RO         1267    .ARM.Collect$$libinit$$0000002E  c_w.l(libinit2.o)
    0x0800020c   0x0800020c   0x00000000   Code   RO         1269    .ARM.Collect$$libinit$$00000030  c_w.l(libinit2.o)
    0x0800020c   0x0800020c   0x00000000   Code   RO         1271    .ARM.Collect$$libinit$$00000032  c_w.l(libinit2.o)
    0x0800020c   0x0800020c   0x00000002   Code   RO         1272    .ARM.Collect$$libinit$$00000033  c_w.l(libinit2.o)
    0x0800020e   0x0800020e   0x00000002   Code   RO         1307    .ARM.Collect$$libshutdown$$00000000  c_w.l(libshutdown.o)
    0x08000210   0x08000210   0x00000000   Code   RO         1335    .ARM.Collect$$libshutdown$$00000002  c_w.l(libshutdown2.o)
    0x08000210   0x08000210   0x00000000   Code   RO         1337    .ARM.Collect$$libshutdown$$00000004  c_w.l(libshutdown2.o)
    0x08000210   0x08000210   0x00000000   Code   RO         1340    .ARM.Collect$$libshutdown$$00000007  c_w.l(libshutdown2.o)
    0x08000210   0x08000210   0x00000000   Code   RO         1343    .ARM.Collect$$libshutdown$$0000000A  c_w.l(libshutdown2.o)
    0x08000210   0x08000210   0x00000000   Code   RO         1345    .ARM.Collect$$libshutdown$$0000000C  c_w.l(libshutdown2.o)
    0x08000210   0x08000210   0x00000000   Code   RO         1348    .ARM.Collect$$libshutdown$$0000000F  c_w.l(libshutdown2.o)
    0x08000210   0x08000210   0x00000002   Code   RO         1349    .ARM.Collect$$libshutdown$$00000010  c_w.l(libshutdown2.o)
    0x08000212   0x08000212   0x00000000   Code   RO         1167    .ARM.Collect$$rtentry$$00000000  c_w.l(__rtentry.o)
    0x08000212   0x08000212   0x00000000   Code   RO         1185    .ARM.Collect$$rtentry$$00000002  c_w.l(__rtentry2.o)
    0x08000212   0x08000212   0x00000006   Code   RO         1197    .ARM.Collect$$rtentry$$00000004  c_w.l(__rtentry4.o)
    0x08000218   0x08000218   0x00000000   Code   RO         1187    .ARM.Collect$$rtentry$$00000009  c_w.l(__rtentry2.o)
    0x08000218   0x08000218   0x00000004   Code   RO         1188    .ARM.Collect$$rtentry$$0000000A  c_w.l(__rtentry2.o)
    0x0800021c   0x0800021c   0x00000000   Code   RO         1190    .ARM.Collect$$rtentry$$0000000C  c_w.l(__rtentry2.o)
    0x0800021c   0x0800021c   0x00000008   Code   RO         1191    .ARM.Collect$$rtentry$$0000000D  c_w.l(__rtentry2.o)
    0x08000224   0x08000224   0x00000002   Code   RO         1220    .ARM.Collect$$rtexit$$00000000  c_w.l(rtexit.o)
    0x08000226   0x08000226   0x00000000   Code   RO         1278    .ARM.Collect$$rtexit$$00000002  c_w.l(rtexit2.o)
    0x08000226   0x08000226   0x00000004   Code   RO         1279    .ARM.Collect$$rtexit$$00000003  c_w.l(rtexit2.o)
    0x0800022a   0x0800022a   0x00000006   Code   RO         1280    .ARM.Collect$$rtexit$$00000004  c_w.l(rtexit2.o)
    0x08000230   0x08000230   0x00000040   Code   RO          145  * .text               startup_stm32f407xx.o
    0x08000270   0x08000270   0x000000f0   Code   RO         1113    .text               c_w.l(lludivv7m.o)
    0x08000360   0x08000360   0x00000028   Code   RO         1117    .text               c_w.l(noretval__2sprintf.o)
    0x08000388   0x08000388   0x00000068   Code   RO         1119    .text               c_w.l(__printf.o)
    0x080003f0   0x080003f0   0x00000078   Code   RO         1121    .text               c_w.l(_printf_dec.o)
    0x08000468   0x08000468   0x0000003e   Code   RO         1145    .text               c_w.l(strlen.o)
    0x080004a6   0x080004a6   0x00000010   Code   RO         1147    .text               c_w.l(aeabi_memset4.o)
    0x080004b6   0x080004b6   0x0000004e   Code   RO         1149    .text               c_w.l(rt_memclr_w.o)
    0x08000504   0x08000504   0x00000006   Code   RO         1151    .text               c_w.l(heapauxi.o)
    0x0800050a   0x0800050a   0x000000b2   Code   RO         1172    .text               c_w.l(_printf_intcommon.o)
    0x080005bc   0x080005bc   0x00000030   Code   RO         1174    .text               c_w.l(_printf_char_common.o)
    0x080005ec   0x080005ec   0x0000000a   Code   RO         1176    .text               c_w.l(_sputc.o)
    0x080005f6   0x080005f6   0x0000004a   Code   RO         1203    .text               c_w.l(sys_stackheap_outer.o)
    0x08000640   0x08000640   0x00000012   Code   RO         1205    .text               c_w.l(exit.o)
    0x08000652   0x08000652   0x00000002   PAD
    0x08000654   0x08000654   0x00000008   Code   RO         1217    .text               c_w.l(libspace.o)
    0x0800065c   0x0800065c   0x0000000c   Code   RO         1273    .text               c_w.l(sys_exit.o)
    0x08000668   0x08000668   0x00000002   Code   RO         1296    .text               c_w.l(use_no_semi.o)
    0x0800066a   0x0800066a   0x00000000   Code   RO         1298    .text               c_w.l(indicate_semi.o)
    0x0800066a   0x0800066a   0x00000002   PAD
    0x0800066c   0x0800066c   0x00000072   Code   RO          286    .text.ADC_DMAConvCplt  stm32f4xx_hal_adc.o
    0x080006de   0x080006de   0x00000002   PAD
    0x080006e0   0x080006e0   0x00000016   Code   RO          290    .text.ADC_DMAError  stm32f4xx_hal_adc.o
    0x080006f6   0x080006f6   0x00000002   PAD
    0x080006f8   0x080006f8   0x0000000a   Code   RO          288    .text.ADC_DMAHalfConvCplt  stm32f4xx_hal_adc.o
    0x08000702   0x08000702   0x00000002   PAD
    0x08000704   0x08000704   0x00000010   Code   RO           80    .text.ADC_IRQHandler  stm32f4xx_it.o
    0x08000714   0x08000714   0x00000108   Code   RO          258    .text.ADC_Init      stm32f4xx_hal_adc.o
    0x0800081c   0x0800081c   0x00000002   Code   RO           66    .text.BusFault_Handler  stm32f4xx_it.o
    0x0800081e   0x0800081e   0x00000002   PAD
    0x08000820   0x08000820   0x00000010   Code   RO           86    .text.DMA2_Stream0_IRQHandler  stm32f4xx_it.o
    0x08000830   0x08000830   0x0000003c   Code   RO          428    .text.DMA_CalcBaseAndBitshift  stm32f4xx_hal_dma.o
    0x0800086c   0x0800086c   0x00000050   Code   RO          426    .text.DMA_CheckFifoParam  stm32f4xx_hal_dma.o
    0x080008bc   0x080008bc   0x00000030   Code   RO          434    .text.DMA_SetConfig  stm32f4xx_hal_dma.o
    0x080008ec   0x080008ec   0x00000002   Code   RO           72    .text.DebugMon_Handler  stm32f4xx_it.o
    0x080008ee   0x080008ee   0x00000002   PAD
    0x080008f0   0x080008f0   0x0000000a   Code   RO           78    .text.EXTI0_IRQHandler  stm32f4xx_it.o
    0x080008fa   0x080008fa   0x00000002   PAD
    0x080008fc   0x080008fc   0x00000006   Code   RO           18    .text.Error_Handler  main.o
    0x08000902   0x08000902   0x00000002   PAD
    0x08000904   0x08000904   0x00000002   Code   RO          338    .text.HAL_ADCEx_InjectedConvCpltCallback  stm32f4xx_hal_adc_ex.o
    0x08000906   0x08000906   0x00000002   PAD
    0x08000908   0x08000908   0x00000106   Code   RO          298    .text.HAL_ADC_ConfigChannel  stm32f4xx_hal_adc.o
    0x08000a0e   0x08000a0e   0x00000002   PAD
    0x08000a10   0x08000a10   0x000000f2   Code   RO           22    .text.HAL_ADC_ConvCpltCallback  main.o
    0x08000b02   0x08000b02   0x00000002   PAD
    0x08000b04   0x08000b04   0x00000002   Code   RO          296    .text.HAL_ADC_ConvHalfCpltCallback  stm32f4xx_hal_adc.o
    0x08000b06   0x08000b06   0x00000002   PAD
    0x08000b08   0x08000b08   0x00000002   Code   RO          282    .text.HAL_ADC_ErrorCallback  stm32f4xx_hal_adc.o
    0x08000b0a   0x08000b0a   0x00000002   PAD
    0x08000b0c   0x08000b0c   0x00000142   Code   RO          276    .text.HAL_ADC_IRQHandler  stm32f4xx_hal_adc.o
    0x08000c4e   0x08000c4e   0x00000002   PAD
    0x08000c50   0x08000c50   0x0000004e   Code   RO          254    .text.HAL_ADC_Init  stm32f4xx_hal_adc.o
    0x08000c9e   0x08000c9e   0x00000002   PAD
    0x08000ca0   0x08000ca0   0x00000002   Code   RO          280    .text.HAL_ADC_LevelOutOfWindowCallback  stm32f4xx_hal_adc.o
    0x08000ca2   0x08000ca2   0x00000002   PAD
    0x08000ca4   0x08000ca4   0x000000bc   Code   RO          169    .text.HAL_ADC_MspInit  stm32f4xx_hal_msp.o
    0x08000d60   0x08000d60   0x0000014c   Code   RO          284    .text.HAL_ADC_Start_DMA  stm32f4xx_hal_adc.o
    0x08000eac   0x08000eac   0x00000118   Code   RO          272    .text.HAL_ADC_Start_IT  stm32f4xx_hal_adc.o
    0x08000fc4   0x08000fc4   0x00000056   Code   RO          292    .text.HAL_ADC_Stop_DMA  stm32f4xx_hal_adc.o
    0x0800101a   0x0800101a   0x00000002   PAD
    0x0800101c   0x0800101c   0x0000008a   Code   RO          438    .text.HAL_DMA_Abort  stm32f4xx_hal_dma.o
    0x080010a6   0x080010a6   0x00000002   PAD
    0x080010a8   0x080010a8   0x00000024   Code   RO          440    .text.HAL_DMA_Abort_IT  stm32f4xx_hal_dma.o
    0x080010cc   0x080010cc   0x00000006   Code   RO          450    .text.HAL_DMA_GetState  stm32f4xx_hal_dma.o
    0x080010d2   0x080010d2   0x00000002   PAD
    0x080010d4   0x080010d4   0x0000018c   Code   RO          444    .text.HAL_DMA_IRQHandler  stm32f4xx_hal_dma.o
    0x08001260   0x08001260   0x000000ce   Code   RO          424    .text.HAL_DMA_Init  stm32f4xx_hal_dma.o
    0x0800132e   0x0800132e   0x00000002   PAD
    0x08001330   0x08001330   0x00000062   Code   RO          436    .text.HAL_DMA_Start_IT  stm32f4xx_hal_dma.o
    0x08001392   0x08001392   0x00000002   PAD
    0x08001394   0x08001394   0x00000028   Code   RO          209    .text.HAL_Delay     stm32f4xx_hal.o
    0x080013bc   0x080013bc   0x00000080   Code   RO           26    .text.HAL_GPIO_EXTI_Callback  main.o
    0x0800143c   0x0800143c   0x0000001a   Code   RO          490    .text.HAL_GPIO_EXTI_IRQHandler  stm32f4xx_hal_gpio.o
    0x08001456   0x08001456   0x00000002   PAD
    0x08001458   0x08001458   0x0000019a   Code   RO          478    .text.HAL_GPIO_Init  stm32f4xx_hal_gpio.o
    0x080015f2   0x080015f2   0x00000002   PAD
    0x080015f4   0x080015f4   0x0000000e   Code   RO          486    .text.HAL_GPIO_TogglePin  stm32f4xx_hal_gpio.o
    0x08001602   0x08001602   0x00000002   PAD
    0x08001604   0x08001604   0x0000000a   Code   RO          484    .text.HAL_GPIO_WritePin  stm32f4xx_hal_gpio.o
    0x0800160e   0x0800160e   0x00000002   PAD
    0x08001610   0x08001610   0x0000000c   Code   RO          201    .text.HAL_GetTick   stm32f4xx_hal.o
    0x0800161c   0x0800161c   0x00000002   Code   RO          650    .text.HAL_I2C_AbortCpltCallback  stm32f4xx_hal_i2c.o
    0x0800161e   0x0800161e   0x00000002   PAD
    0x08001620   0x08001620   0x00000002   Code   RO          640    .text.HAL_I2C_AddrCallback  stm32f4xx_hal_i2c.o
    0x08001622   0x08001622   0x00000002   PAD
    0x08001624   0x08001624   0x00000180   Code   RO          596    .text.HAL_I2C_EV_IRQHandler  stm32f4xx_hal_i2c.o
    0x080017a4   0x080017a4   0x00000002   Code   RO          648    .text.HAL_I2C_ErrorCallback  stm32f4xx_hal_i2c.o
    0x080017a6   0x080017a6   0x00000002   PAD
    0x080017a8   0x080017a8   0x00000198   Code   RO          502    .text.HAL_I2C_Init  stm32f4xx_hal_i2c.o
    0x08001940   0x08001940   0x00000002   Code   RO          642    .text.HAL_I2C_ListenCpltCallback  stm32f4xx_hal_i2c.o
    0x08001942   0x08001942   0x00000002   PAD
    0x08001944   0x08001944   0x00000002   Code   RO          634    .text.HAL_I2C_MasterRxCpltCallback  stm32f4xx_hal_i2c.o
    0x08001946   0x08001946   0x00000002   PAD
    0x08001948   0x08001948   0x00000002   Code   RO          632    .text.HAL_I2C_MasterTxCpltCallback  stm32f4xx_hal_i2c.o
    0x0800194a   0x0800194a   0x00000002   PAD
    0x0800194c   0x0800194c   0x00000002   Code   RO          646    .text.HAL_I2C_MemRxCpltCallback  stm32f4xx_hal_i2c.o
    0x0800194e   0x0800194e   0x00000002   PAD
    0x08001950   0x08001950   0x00000002   Code   RO          644    .text.HAL_I2C_MemTxCpltCallback  stm32f4xx_hal_i2c.o
    0x08001952   0x08001952   0x00000002   PAD
    0x08001954   0x08001954   0x0000012a   Code   RO          552    .text.HAL_I2C_Mem_Write  stm32f4xx_hal_i2c.o
    0x08001a7e   0x08001a7e   0x00000002   PAD
    0x08001a80   0x08001a80   0x00000082   Code   RO          173    .text.HAL_I2C_MspInit  stm32f4xx_hal_msp.o
    0x08001b02   0x08001b02   0x00000002   PAD
    0x08001b04   0x08001b04   0x00000002   Code   RO          638    .text.HAL_I2C_SlaveRxCpltCallback  stm32f4xx_hal_i2c.o
    0x08001b06   0x08001b06   0x00000002   PAD
    0x08001b08   0x08001b08   0x00000002   Code   RO          636    .text.HAL_I2C_SlaveTxCpltCallback  stm32f4xx_hal_i2c.o
    0x08001b0a   0x08001b0a   0x00000002   PAD
    0x08001b0c   0x08001b0c   0x0000001a   Code   RO          199    .text.HAL_IncTick   stm32f4xx_hal.o
    0x08001b26   0x08001b26   0x00000002   PAD
    0x08001b28   0x08001b28   0x00000036   Code   RO          189    .text.HAL_Init      stm32f4xx_hal.o
    0x08001b5e   0x08001b5e   0x00000002   PAD
    0x08001b60   0x08001b60   0x00000050   Code   RO          191    .text.HAL_InitTick  stm32f4xx_hal.o
    0x08001bb0   0x08001bb0   0x00000038   Code   RO          167    .text.HAL_MspInit   stm32f4xx_hal_msp.o
    0x08001be8   0x08001be8   0x00000008   Code   RO          364    .text.HAL_NVIC_EnableIRQ  stm32f4xx_hal_cortex.o
    0x08001bf0   0x08001bf0   0x0000001e   Code   RO          356    .text.HAL_NVIC_SetPriority  stm32f4xx_hal_cortex.o
    0x08001c0e   0x08001c0e   0x00000002   PAD
    0x08001c10   0x08001c10   0x00000008   Code   RO          352    .text.HAL_NVIC_SetPriorityGrouping  stm32f4xx_hal_cortex.o
    0x08001c18   0x08001c18   0x00000160   Code   RO          738    .text.HAL_RCC_ClockConfig  stm32f4xx_hal_rcc.o
    0x08001d78   0x08001d78   0x0000000c   Code   RO          748    .text.HAL_RCC_GetHCLKFreq  stm32f4xx_hal_rcc.o
    0x08001d84   0x08001d84   0x00000022   Code   RO          750    .text.HAL_RCC_GetPCLK1Freq  stm32f4xx_hal_rcc.o
    0x08001da6   0x08001da6   0x00000002   PAD
    0x08001da8   0x08001da8   0x00000068   Code   RO          740    .text.HAL_RCC_GetSysClockFreq  stm32f4xx_hal_rcc.o
    0x08001e10   0x08001e10   0x00000334   Code   RO          736    .text.HAL_RCC_OscConfig  stm32f4xx_hal_rcc.o
    0x08002144   0x08002144   0x00000008   Code   RO          376    .text.HAL_SYSTICK_Config  stm32f4xx_hal_cortex.o
    0x0800214c   0x0800214c   0x00000002   Code   RO         1100    .text.HAL_TIMEx_BreakCallback  stm32f4xx_hal_tim_ex.o
    0x0800214e   0x0800214e   0x00000002   PAD
    0x08002150   0x08002150   0x00000002   Code   RO         1096    .text.HAL_TIMEx_CommutCallback  stm32f4xx_hal_tim_ex.o
    0x08002152   0x08002152   0x00000002   PAD
    0x08002154   0x08002154   0x000000b8   Code   RO         1090    .text.HAL_TIMEx_MasterConfigSynchronization  stm32f4xx_hal_tim_ex.o
    0x0800220c   0x0800220c   0x00000036   Code   RO          790    .text.HAL_TIM_Base_Init  stm32f4xx_hal_tim.o
    0x08002242   0x08002242   0x00000002   PAD
    0x08002244   0x08002244   0x00000072   Code   RO          177    .text.HAL_TIM_Base_MspInit  stm32f4xx_hal_msp.o
    0x080022b6   0x080022b6   0x00000002   PAD
    0x080022b8   0x080022b8   0x00000026   Code   RO          800    .text.HAL_TIM_Base_Start  stm32f4xx_hal_tim.o
    0x080022de   0x080022de   0x00000002   PAD
    0x080022e0   0x080022e0   0x00000020   Code   RO          804    .text.HAL_TIM_Base_Start_IT  stm32f4xx_hal_tim.o
    0x08002300   0x08002300   0x000000d0   Code   RO          978    .text.HAL_TIM_ConfigClockSource  stm32f4xx_hal_tim.o
    0x080023d0   0x080023d0   0x00000002   Code   RO          926    .text.HAL_TIM_IC_CaptureCallback  stm32f4xx_hal_tim.o
    0x080023d2   0x080023d2   0x00000002   PAD
    0x080023d4   0x080023d4   0x0000016a   Code   RO          924    .text.HAL_TIM_IRQHandler  stm32f4xx_hal_tim.o
    0x0800253e   0x0800253e   0x00000002   PAD
    0x08002540   0x08002540   0x00000002   Code   RO          928    .text.HAL_TIM_OC_DelayElapsedCallback  stm32f4xx_hal_tim.o
    0x08002542   0x08002542   0x00000002   PAD
    0x08002544   0x08002544   0x00000002   Code   RO          930    .text.HAL_TIM_PWM_PulseFinishedCallback  stm32f4xx_hal_tim.o
    0x08002546   0x08002546   0x00000002   PAD
    0x08002548   0x08002548   0x00000010   Code   RO           30    .text.HAL_TIM_PeriodElapsedCallback  main.o
    0x08002558   0x08002558   0x00000002   Code   RO          934    .text.HAL_TIM_TriggerCallback  stm32f4xx_hal_tim.o
    0x0800255a   0x0800255a   0x00000002   PAD
    0x0800255c   0x0800255c   0x00000002   Code   RO           62    .text.HardFault_Handler  stm32f4xx_it.o
    0x0800255e   0x0800255e   0x00000002   PAD
    0x08002560   0x08002560   0x00000010   Code   RO           84    .text.I2C1_EV_IRQHandler  stm32f4xx_it.o
    0x08002570   0x08002570   0x0000001e   Code   RO          598    .text.I2C_ConvertOtherXferOptions  stm32f4xx_hal_i2c.o
    0x0800258e   0x0800258e   0x00000002   PAD
    0x08002590   0x08002590   0x000000e0   Code   RO          582    .text.I2C_DMAAbort  stm32f4xx_hal_i2c.o
    0x08002670   0x08002670   0x00000150   Code   RO          594    .text.I2C_ITError   stm32f4xx_hal_i2c.o
    0x080027c0   0x080027c0   0x00000030   Code   RO          662    .text.I2C_IsAcknowledgeFailed  stm32f4xx_hal_i2c.o
    0x080027f0   0x080027f0   0x000000e8   Code   RO          614    .text.I2C_MasterReceive_BTF  stm32f4xx_hal_i2c.o
    0x080028d8   0x080028d8   0x000000c8   Code   RO          612    .text.I2C_MasterReceive_RXNE  stm32f4xx_hal_i2c.o
    0x080029a0   0x080029a0   0x0000007a   Code   RO          608    .text.I2C_MasterTransmit_BTF  stm32f4xx_hal_i2c.o
    0x08002a1a   0x08002a1a   0x00000002   PAD
    0x08002a1c   0x08002a1c   0x000000b8   Code   RO          606    .text.I2C_MasterTransmit_TXE  stm32f4xx_hal_i2c.o
    0x08002ad4   0x08002ad4   0x00000028   Code   RO          602    .text.I2C_Master_ADD10  stm32f4xx_hal_i2c.o
    0x08002afc   0x08002afc   0x0000018a   Code   RO          604    .text.I2C_Master_ADDR  stm32f4xx_hal_i2c.o
    0x08002c86   0x08002c86   0x00000002   PAD
    0x08002c88   0x08002c88   0x00000088   Code   RO          600    .text.I2C_Master_SB  stm32f4xx_hal_i2c.o
    0x08002d10   0x08002d10   0x000000a6   Code   RO          610    .text.I2C_MemoryTransmit_TXE_BTF  stm32f4xx_hal_i2c.o
    0x08002db6   0x08002db6   0x00000002   PAD
    0x08002db8   0x08002db8   0x000000c0   Code   RO          554    .text.I2C_RequestMemoryWrite  stm32f4xx_hal_i2c.o
    0x08002e78   0x08002e78   0x0000001e   Code   RO          626    .text.I2C_SlaveReceive_BTF  stm32f4xx_hal_i2c.o
    0x08002e96   0x08002e96   0x00000002   PAD
    0x08002e98   0x08002e98   0x0000004c   Code   RO          624    .text.I2C_SlaveReceive_RXNE  stm32f4xx_hal_i2c.o
    0x08002ee4   0x08002ee4   0x0000001c   Code   RO          622    .text.I2C_SlaveTransmit_BTF  stm32f4xx_hal_i2c.o
    0x08002f00   0x08002f00   0x00000048   Code   RO          620    .text.I2C_SlaveTransmit_TXE  stm32f4xx_hal_i2c.o
    0x08002f48   0x08002f48   0x00000046   Code   RO          616    .text.I2C_Slave_ADDR  stm32f4xx_hal_i2c.o
    0x08002f8e   0x08002f8e   0x00000002   PAD
    0x08002f90   0x08002f90   0x00000162   Code   RO          618    .text.I2C_Slave_STOPF  stm32f4xx_hal_i2c.o
    0x080030f2   0x080030f2   0x00000002   PAD
    0x080030f4   0x080030f4   0x0000005e   Code   RO          518    .text.I2C_WaitOnBTFFlagUntilTimeout  stm32f4xx_hal_i2c.o
    0x08003152   0x08003152   0x00000002   PAD
    0x08003154   0x08003154   0x00000074   Code   RO          512    .text.I2C_WaitOnFlagUntilTimeout  stm32f4xx_hal_i2c.o
    0x080031c8   0x080031c8   0x0000008c   Code   RO          660    .text.I2C_WaitOnMasterAddressFlagUntilTimeout  stm32f4xx_hal_i2c.o
    0x08003254   0x08003254   0x0000004e   Code   RO          658    .text.I2C_WaitOnSTOPRequestThroughIT  stm32f4xx_hal_i2c.o
    0x080032a2   0x080032a2   0x00000002   PAD
    0x080032a4   0x080032a4   0x0000005e   Code   RO          516    .text.I2C_WaitOnTXEFlagUntilTimeout  stm32f4xx_hal_i2c.o
    0x08003302   0x08003302   0x00000002   PAD
    0x08003304   0x08003304   0x00000074   Code   RO           10    .text.MX_ADC1_Init  main.o
    0x08003378   0x08003378   0x00000036   Code   RO            8    .text.MX_DMA_Init   main.o
    0x080033ae   0x080033ae   0x00000002   PAD
    0x080033b0   0x080033b0   0x00000094   Code   RO            6    .text.MX_GPIO_Init  main.o
    0x08003444   0x08003444   0x0000003e   Code   RO           12    .text.MX_I2C1_Init  main.o
    0x08003482   0x08003482   0x00000002   PAD
    0x08003484   0x08003484   0x00000074   Code   RO           14    .text.MX_TIM3_Init  main.o
    0x080034f8   0x080034f8   0x00000070   Code   RO           16    .text.MX_TIM4_Init  main.o
    0x08003568   0x08003568   0x00000002   Code   RO           64    .text.MemManage_Handler  stm32f4xx_it.o
    0x0800356a   0x0800356a   0x00000002   PAD
    0x0800356c   0x0800356c   0x00000002   Code   RO           60    .text.NMI_Handler   stm32f4xx_it.o
    0x0800356e   0x0800356e   0x00000002   PAD
    0x08003570   0x08003570   0x0000002c   Code   RO          362    .text.NVIC_EncodePriority  stm32f4xx_hal_cortex.o
    0x0800359c   0x0800359c   0x00000002   Code   RO           74    .text.PendSV_Handler  stm32f4xx_it.o
    0x0800359e   0x0800359e   0x00000002   PAD
    0x080035a0   0x080035a0   0x00000002   Code   RO           70    .text.SVC_Handler   stm32f4xx_it.o
    0x080035a2   0x080035a2   0x00000002   PAD
    0x080035a4   0x080035a4   0x0000002e   Code   RO          378    .text.SysTick_Config  stm32f4xx_hal_cortex.o
    0x080035d2   0x080035d2   0x00000002   PAD
    0x080035d4   0x080035d4   0x00000008   Code   RO           76    .text.SysTick_Handler  stm32f4xx_it.o
    0x080035dc   0x080035dc   0x000000a0   Code   RO            4    .text.SystemClock_Config  main.o
    0x0800367c   0x0800367c   0x0000001a   Code   RO          152    .text.SystemInit    system_stm32f4xx.o
    0x08003696   0x08003696   0x00000002   PAD
    0x08003698   0x08003698   0x00000010   Code   RO           82    .text.TIM4_IRQHandler  stm32f4xx_it.o
    0x080036a8   0x080036a8   0x00000124   Code   RO          794    .text.TIM_Base_SetConfig  stm32f4xx_hal_tim.o
    0x080037cc   0x080037cc   0x00000016   Code   RO          976    .text.TIM_ETR_SetConfig  stm32f4xx_hal_tim.o
    0x080037e2   0x080037e2   0x00000002   PAD
    0x080037e4   0x080037e4   0x00000010   Code   RO          982    .text.TIM_ITRx_SetConfig  stm32f4xx_hal_tim.o
    0x080037f4   0x080037f4   0x00000022   Code   RO          980    .text.TIM_TI1_ConfigInputStage  stm32f4xx_hal_tim.o
    0x08003816   0x08003816   0x00000002   PAD
    0x08003818   0x08003818   0x00000024   Code   RO          984    .text.TIM_TI2_ConfigInputStage  stm32f4xx_hal_tim.o
    0x0800383c   0x0800383c   0x00000002   Code   RO           68    .text.UsageFault_Handler  stm32f4xx_it.o
    0x0800383e   0x0800383e   0x00000002   PAD
    0x08003840   0x08003840   0x00000020   Code   RO          366    .text.__NVIC_EnableIRQ  stm32f4xx_hal_cortex.o
    0x08003860   0x08003860   0x00000010   Code   RO          358    .text.__NVIC_GetPriorityGrouping  stm32f4xx_hal_cortex.o
    0x08003870   0x08003870   0x00000022   Code   RO          360    .text.__NVIC_SetPriority  stm32f4xx_hal_cortex.o
    0x08003892   0x08003892   0x00000002   PAD
    0x08003894   0x08003894   0x00000020   Code   RO          354    .text.__NVIC_SetPriorityGrouping  stm32f4xx_hal_cortex.o
    0x080038b4   0x080038b4   0x00000004   PAD
    0x080038b8   0x080038b8   0x00000088   Code   RO           20    .text.heartbeatDetected  main.o
    0x08003940   0x08003940   0x00000064   Code   RO            2    .text.main          main.o
    0x080039a4   0x080039a4   0x00000008   Code   RO          101    .text.ssd1306SetDisplay  oled_ssd1306.o
    0x080039ac   0x080039ac   0x0000003e   Code   RO          109    .text.ssd1306_DrawPixel  oled_ssd1306.o
    0x080039ea   0x080039ea   0x00000002   PAD
    0x080039ec   0x080039ec   0x0000001c   Code   RO          105    .text.ssd1306_Fill  oled_ssd1306.o
    0x08003a08   0x08003a08   0x000000b6   Code   RO           99    .text.ssd1306_Init  oled_ssd1306.o
    0x08003abe   0x08003abe   0x00000002   PAD
    0x08003ac0   0x08003ac0   0x00000012   Code   RO          103    .text.ssd1306_SetContrast  oled_ssd1306.o
    0x08003ad2   0x08003ad2   0x00000002   PAD
    0x08003ad4   0x08003ad4   0x00000016   Code   RO          111    .text.ssd1306_SetCursor  oled_ssd1306.o
    0x08003aea   0x08003aea   0x00000002   PAD
    0x08003aec   0x08003aec   0x00000036   Code   RO          107    .text.ssd1306_UpdateScreen  oled_ssd1306.o
    0x08003b22   0x08003b22   0x00000002   PAD
    0x08003b24   0x08003b24   0x000000b4   Code   RO          115    .text.ssd1306_WriteChar  oled_ssd1306.o
    0x08003bd8   0x08003bd8   0x00000030   Code   RO           95    .text.ssd1306_WriteCommand  oled_ssd1306.o
    0x08003c08   0x08003c08   0x00000028   Code   RO           97    .text.ssd1306_WriteData  oled_ssd1306.o
    0x08003c30   0x08003c30   0x00000038   Code   RO          117    .text.ssd1306_WriteString  oled_ssd1306.o
    0x08003c68   0x08003c68   0x0000010e   Code   RO           24    .text.updateScreen  main.o
    0x08003d76   0x08003d76   0x00000002   PAD
    0x08003d78   0x08003d78   0x0000009e   Code   RO           28    .text.writeScreenCenter  main.o
    0x08003e16   0x08003e16   0x00000002   PAD
    0x08003e18   0x08003e18   0x0000005e   Code   RO         1155    x$fpl$dfix          fz_wm.l(dfix.o)
    0x08003e76   0x08003e76   0x00000026   Code   RO         1159    x$fpl$dfltu         fz_wm.l(dflt_clz.o)
    0x08003e9c   0x08003e9c   0x00000154   Code   RO         1165    x$fpl$dmul          fz_wm.l(dmul.o)
    0x08003ff0   0x08003ff0   0x0000009c   Code   RO         1179    x$fpl$dnaninf       fz_wm.l(dnaninf.o)
    0x0800408c   0x0800408c   0x0000000c   Code   RO         1181    x$fpl$dretinf       fz_wm.l(dretinf.o)
    0x08004098   0x08004098   0x0000001a   Code   RO         1290    x$fpl$fpinit        fz_wm.l(fpinit.o)
    0x080040b2   0x080040b2   0x00000000   Code   RO         1183    x$fpl$usenofp       fz_wm.l(usenofp.o)
    0x080040b2   0x080040b2   0x00000010   Data   RO          157    .rodata.AHBPrescTable  system_stm32f4xx.o
    0x080040c2   0x080040c2   0x00000008   Data   RO          158    .rodata.APBPrescTable  system_stm32f4xx.o
    0x080040ca   0x080040ca   0x00000d5c   Data   RO          136    .rodata.Font11x18   ssd1306_fonts.o
    0x08004e26   0x08004e26   0x0000134c   Data   RO          137    .rodata.Font16x26   ssd1306_fonts.o
    0x08006172   0x08006172   0x000005f0   Data   RO          130    .rodata.Font6x8     ssd1306_fonts.o
    0x08006762   0x08006762   0x0000076c   Data   RO          132    .rodata.Font7x10    ssd1306_fonts.o
    0x08006ece   0x08006ece   0x00000027   Data   RO           46    .rodata.str1.1      main.o
    0x08006ef5   0x08006ef5   0x00000003   PAD
    0x08006ef8   0x08006ef8   0x00000020   Data   RO         1351    Region$$Table       anon$$obj.o


    Execution Region ER_RW (Exec base: 0x20000000, Load base: 0x08006f18, Size: 0x0000002c, Max: 0xffffffff, ABSOLUTE)

    Exec Addr    Load Addr    Size         Type   Attr      Idx    E Section Name        Object

    0x20000000   0x08006f18   0x00000008   Data   RW          134    .data.Font_11x18    ssd1306_fonts.o
    0x20000008   0x08006f20   0x00000008   Data   RW          135    .data.Font_16x26    ssd1306_fonts.o
    0x20000010   0x08006f28   0x00000008   Data   RW          131    .data.Font_6x8      ssd1306_fonts.o
    0x20000018   0x08006f30   0x00000008   Data   RW          133    .data.Font_7x10     ssd1306_fonts.o
    0x20000020   0x08006f38   0x00000004   Data   RW          156    .data.SystemCoreClock  system_stm32f4xx.o
    0x20000024   0x08006f3c   0x00000001   Data   RW           37    .data.state         main.o
    0x20000025   0x08006f3d   0x00000001   Data   RW          244    .data.uwTickFreq    stm32f4xx_hal.o
    0x20000026   0x08006f3e   0x00000002   PAD
    0x20000028   0x08006f40   0x00000004   Data   RW          243    .data.uwTickPrio    stm32f4xx_hal.o


    Execution Region ER_ZI (Exec base: 0x20000030, Load base: 0x08006f44, Size: 0x00000c88, Max: 0xffffffff, ABSOLUTE)

    Exec Addr    Load Addr    Size         Type   Attr      Idx    E Section Name        Object

    0x20000030        -       0x00000060   Zero   RW         1218    .bss                c_w.l(libspace.o)
    0x20000090        -       0x00000002   Zero   RW           45    .bss.HAL_ADC_ConvCpltCallback.beatMs  main.o
    0x20000092   0x08006f44   0x00000002   PAD
    0x20000094        -       0x00000004   Zero   RW           44    .bss.HAL_ADC_ConvCpltCallback.statePrev  main.o
    0x20000098        -       0x00000004   Zero   RW           47    .bss.HAL_TIM_PeriodElapsedCallback.counter  main.o
    0x2000009c        -       0x00000002   Zero   RW          120    .bss.SSD1306.0      oled_ssd1306.o
    0x2000009e        -       0x00000002   Zero   RW          121    .bss.SSD1306.1      oled_ssd1306.o
    0x200000a0        -       0x00000400   Zero   RW          119    .bss.SSD1306_Buffer  oled_ssd1306.o
    0x200004a0        -       0x00000004   Zero   RW           34    .bss.adcMeanValue   main.o
    0x200004a4        -       0x00000080   Zero   RW           32    .bss.adc_value      main.o
    0x20000524        -       0x00000001   Zero   RW           35    .bss.bpmCounter     main.o
    0x20000525   0x08006f44   0x00000003   PAD
    0x20000528        -       0x00000048   Zero   RW           41    .bss.hadc1          main.o
    0x20000570        -       0x00000060   Zero   RW           49    .bss.hdma_adc1      main.o
    0x200005d0        -       0x00000004   Zero   RW           38    .bss.heartRateBPM   main.o
    0x200005d4        -       0x00000001   Zero   RW           43    .bss.heartbeatDetected.isPeak  main.o
    0x200005d5   0x08006f44   0x00000003   PAD
    0x200005d8        -       0x00000004   Zero   RW           42    .bss.heartbeatDetected.maxValue  main.o
    0x200005dc        -       0x00000054   Zero   RW           50    .bss.hi2c1          main.o
    0x20000630        -       0x00000040   Zero   RW           40    .bss.htim3          main.o
    0x20000670        -       0x00000040   Zero   RW           39    .bss.htim4          main.o
    0x200006b0        -       0x00000004   Zero   RW          245    .bss.uwTick         stm32f4xx_hal.o
    0x200006b4   0x08006f44   0x00000004   PAD
    0x200006b8        -       0x00000200   Zero   RW          143    HEAP                startup_stm32f407xx.o
    0x200008b8        -       0x00000400   Zero   RW          142    STACK               startup_stm32f407xx.o


==============================================================================

Image component sizes


      Code (inc. data)   RO Data    RW Data    ZI Data      Debug   Object Name

      1824          8         39          1        532      14688   main.o
       698          0          0          0       1028       5578   oled_ssd1306.o
         0          0      11780         32          0        932   ssd1306_fonts.o
        64         26        392          0       1536        864   startup_stm32f407xx.o
       212          0          0          5          4       7570   stm32f4xx_hal.o
      1776          0          0          0          0      10925   stm32f4xx_hal_adc.o
         2          0          0          0          0       9179   stm32f4xx_hal_adc_ex.o
       258          0          0          0          0      11024   stm32f4xx_hal_cortex.o
      1068         12          0          0          0       9502   stm32f4xx_hal_dma.o
       460          0          0          0          0       5384   stm32f4xx_hal_gpio.o
      4566         16          0          0          0      39148   stm32f4xx_hal_i2c.o
       488          0          0          0          0      10433   stm32f4xx_hal_msp.o
      1322          0          0          0          0       7527   stm32f4xx_hal_rcc.o
      1102          0          0          0          0      38888   stm32f4xx_hal_tim.o
       188          0          0          0          0      15095   stm32f4xx_hal_tim_ex.o
        98          0          0          0          0       3039   stm32f4xx_it.o
        26          0         24          4          0       2754   system_stm32f4xx.o

    ----------------------------------------------------------------------
     14316         62      12270         44       3112     192530   Object Totals
         0          0         32          0          0          0   (incl. Generated)
       164          0          3          2         12          0   (incl. Padding)

    ----------------------------------------------------------------------

      Code (inc. data)   RO Data    RW Data    ZI Data      Debug   Library Member Name

         8          0          0          0          0         68   __main.o
       104          0          0          0          0         84   __printf.o
         0          0          0          0          0          0   __rtentry.o
        12          0          0          0          0          0   __rtentry2.o
         6          0          0          0          0          0   __rtentry4.o
        52          8          0          0          0          0   __scatter.o
        26          0          0          0          0          0   __scatter_copy.o
        28          0          0          0          0          0   __scatter_zi.o
        48          6          0          0          0         96   _printf_char_common.o
         6          0          0          0          0          0   _printf_d.o
       120         16          0          0          0         92   _printf_dec.o
       178          0          0          0          0         88   _printf_intcommon.o
         0          0          0          0          0          0   _printf_percent.o
         4          0          0          0          0          0   _printf_percent_end.o
        10          0          0          0          0         68   _sputc.o
        16          0          0          0          0         68   aeabi_memset4.o
        18          0          0          0          0         80   exit.o
         6          0          0          0          0        152   heapauxi.o
         0          0          0          0          0          0   indicate_semi.o
         2          0          0          0          0          0   libinit.o
         6          0          0          0          0          0   libinit2.o
         2          0          0          0          0          0   libshutdown.o
         2          0          0          0          0          0   libshutdown2.o
         8          4          0          0         96         68   libspace.o
       240          0          0          0          0        100   lludivv7m.o
        40          6          0          0          0         84   noretval__2sprintf.o
        78          0          0          0          0         80   rt_memclr_w.o
         2          0          0          0          0          0   rtexit.o
        10          0          0          0          0          0   rtexit2.o
        62          0          0          0          0         76   strlen.o
        12          4          0          0          0         68   sys_exit.o
        74          0          0          0          0         80   sys_stackheap_outer.o
         2          0          0          0          0         68   use_no_semi.o
        94          4          0          0          0        140   dfix.o
        38          0          0          0          0        116   dflt_clz.o
       340         12          0          0          0        152   dmul.o
       156          4          0          0          0        140   dnaninf.o
        12          0          0          0          0        116   dretinf.o
        26          0          0          0          0        116   fpinit.o
         0          0          0          0          0          0   usenofp.o

    ----------------------------------------------------------------------
      1854         64          0          0         96       2200   Library Totals
         6          0          0          0          0          0   (incl. Padding)

    ----------------------------------------------------------------------

      Code (inc. data)   RO Data    RW Data    ZI Data      Debug   Library Name

      1182         44          0          0         96       1420   c_w.l
       666         20          0          0          0        780   fz_wm.l

    ----------------------------------------------------------------------
      1854         64          0          0         96       2200   Library Totals

    ----------------------------------------------------------------------

==============================================================================


      Code (inc. data)   RO Data    RW Data    ZI Data      Debug   

     16170        126      12270         44       3208     193274   Grand Totals
     16170        126      12270         44       3208     193274   ELF Image Totals
     16170        126      12270         44          0          0   ROM Totals

==============================================================================

    Total RO  Size (Code + RO Data)                28440 (  27.77kB)
    Total RW  Size (RW Data + ZI Data)              3252 (   3.18kB)
    Total ROM Size (Code + RO Data + RW Data)      28484 (  27.82kB)

==============================================================================

